<?xml version="1.0" encoding="UTF-8"?>
<testsuites name="jest tests" tests="81" failures="17" errors="0" time="4.805">
  <testsuite name="Mock Mode Integration Tests" errors="0" failures="0" skipped="0" timestamp="2025-08-10T06:35:51" time="0.473" tests="2">
    <testcase classname="Mock Mode Integration Tests mock mode is enabled when environment variables are missing" name="Mock Mode Integration Tests mock mode is enabled when environment variables are missing" time="0.001">
    </testcase>
    <testcase classname="Mock Mode Integration Tests mock mode detection works with different environment scenarios" name="Mock Mode Integration Tests mock mode detection works with different environment scenarios" time="0.001">
    </testcase>
  </testsuite>
  <testsuite name="Dashboard" errors="0" failures="0" skipped="0" timestamp="2025-08-10T06:35:51" time="0.962" tests="6">
    <testcase classname="Dashboard renders dashboard header" name="Dashboard renders dashboard header" time="0.039">
    </testcase>
    <testcase classname="Dashboard renders all 7 widgets" name="Dashboard renders all 7 widgets" time="0.006">
    </testcase>
    <testcase classname="Dashboard widgets are rendered in correct order" name="Dashboard widgets are rendered in correct order" time="0.006">
    </testcase>
    <testcase classname="Dashboard applies correct grid classes to widgets" name="Dashboard applies correct grid classes to widgets" time="0.003">
    </testcase>
    <testcase classname="Dashboard handles missing widgets gracefully" name="Dashboard handles missing widgets gracefully" time="0.003">
    </testcase>
    <testcase classname="Dashboard dashboard has proper semantic structure" name="Dashboard dashboard has proper semantic structure" time="0.006">
    </testcase>
  </testsuite>
  <testsuite name="LogsTableCard" errors="0" failures="2" skipped="0" timestamp="2025-08-10T06:35:51" time="1.303" tests="11">
    <testcase classname="LogsTableCard renders loading state initially" name="LogsTableCard renders loading state initially" time="0.036">
    </testcase>
    <testcase classname="LogsTableCard renders logs data after successful API call" name="LogsTableCard renders logs data after successful API call" time="0.033">
    </testcase>
    <testcase classname="LogsTableCard filters logs by level" name="LogsTableCard filters logs by level" time="0.015">
      <failure>TestingLibraryElementError: Unable to find an element with the text: All Levels. This could be because the text is broken up by multiple elements. In this case, you can provide a function for your text matcher to make your matcher more flexible.

Ignored nodes: comments, script, style
&lt;body&gt;
  &lt;div&gt;
    &lt;div
      class=&quot;rounded-2xl border bg-card text-card-foreground shadow-sm col-span-full&quot;
    &gt;
      &lt;div
        class=&quot;flex flex-col space-y-1.5 p-6 pb-3&quot;
      &gt;
        &lt;h3
          class=&quot;text-2xl font-semibold leading-none tracking-tight flex items-center justify-between&quot;
        &gt;
          &lt;div
            class=&quot;flex items-center space-x-2&quot;
          &gt;
            &lt;div
              class=&quot;h-5 w-5&quot;
              data-testid=&quot;mock-icon&quot;
            /&gt;
            &lt;span&gt;
              System Logs
            &lt;/span&gt;
          &lt;/div&gt;
          &lt;div
            class=&quot;flex items-center space-x-2&quot;
          &gt;
            &lt;div
              class=&quot;inline-flex items-center rounded-full border px-2.5 py-0.5 font-semibold transition-colors focus:outline-none focus:ring-2 focus:ring-ring focus:ring-offset-2 text-foreground text-xs&quot;
            &gt;
              3
               entries
            &lt;/div&gt;
            &lt;button
              class=&quot;text-xs text-primary hover:underline flex items-center space-x-1&quot;
            &gt;
              &lt;div
                class=&quot;h-3 w-3&quot;
                data-testid=&quot;mock-icon&quot;
              /&gt;
              &lt;span&gt;
                Export
              &lt;/span&gt;
            &lt;/button&gt;
          &lt;/div&gt;
        &lt;/h3&gt;
      &lt;/div&gt;
      &lt;div
        class=&quot;p-6 pt-0&quot;
      &gt;
        &lt;div
          class=&quot;flex flex-col sm:flex-row gap-2 mb-4&quot;
        &gt;
          &lt;div
            class=&quot;flex-1 relative&quot;
          &gt;
            &lt;div
              class=&quot;absolute left-3 top-1/2 transform -translate-y-1/2 h-4 w-4 text-muted-foreground&quot;
              data-testid=&quot;mock-icon&quot;
            /&gt;
            &lt;input
              class=&quot;flex h-9 w-full rounded-md border border-input bg-transparent px-3 py-1 text-sm shadow-sm transition-colors file:border-0 file:bg-transparent file:text-sm file:font-medium placeholder:text-muted-foreground focus-visible:outline-none focus-visible:ring-1 focus-visible:ring-ring disabled:cursor-not-allowed disabled:opacity-50 pl-9&quot;
              placeholder=&quot;Search logs...&quot;
              value=&quot;&quot;
            /&gt;
          &lt;/div&gt;
          &lt;div
            class=&quot;relative&quot;
          &gt;
            &lt;button
              class=&quot;flex h-9 items-center justify-between whitespace-nowrap rounded-md border border-input bg-background px-3 py-2 text-sm ring-offset-background placeholder:text-muted-foreground focus:outline-none focus:ring-2 focus:ring-ring focus:ring-offset-2 disabled:cursor-not-allowed disabled:opacity-50 w-full sm:w-32&quot;
            &gt;
              &lt;div
                class=&quot;flex items-center space-x-1&quot;
              &gt;
                &lt;div
                  class=&quot;h-4 w-4&quot;
                  data-testid=&quot;mock-icon&quot;
                /&gt;
                &lt;span
                  class=&quot;truncate&quot;
                /&gt;
              &lt;/div&gt;
              &lt;div
                class=&quot;h-4 w-4 opacity-50&quot;
                data-testid=&quot;mock-icon&quot;
              /&gt;
            &lt;/button&gt;
          &lt;/div&gt;
        &lt;/div&gt;
        &lt;div
          class=&quot;space-y-2&quot;
        &gt;
          &lt;div
            class=&quot;grid grid-cols-12 gap-4 text-xs font-medium text-muted-foreground uppercase tracking-wider pb-2 border-b&quot;
          &gt;
            &lt;div
              class=&quot;col-span-2&quot;
            &gt;
              Time
            &lt;/div&gt;
            &lt;div
              class=&quot;col-span-1&quot;
            &gt;
              Level
            &lt;/div&gt;
            &lt;div
              class=&quot;col-span-2&quot;
            &gt;
              Service
            &lt;/div&gt;
            &lt;div
              class=&quot;col-span-7&quot;
            &gt;
              Message
            &lt;/div&gt;
          &lt;/div&gt;
          &lt;div
            class=&quot;space-y-1 max-h-96 overflow-y-auto&quot;
          &gt;
            &lt;div
              class=&quot;grid grid-cols-12 gap-4 text-sm py-2 px-2 hover:bg-muted/50 rounded&quot;
            &gt;
              &lt;div
                class=&quot;col-span-2 text-muted-foreground font-mono text-xs&quot;
              &gt;
                16:30:00
              &lt;/div&gt;
              &lt;div
                class=&quot;col-span-1&quot;
              &gt;
                &lt;div
                  class=&quot;inline-flex items-center rounded-full border font-semibold transition-colors focus:outline-none focus:ring-2 focus:ring-ring focus:ring-offset-2 text-foreground text-xs px-1.5 py-0.5&quot;
                &gt;
                  info
                &lt;/div&gt;
              &lt;/div&gt;
              &lt;div
                class=&quot;col-span-2 text-muted-foreground&quot;
              &gt;
                api
              &lt;/div&gt;
              &lt;div
                class=&quot;col-span-7 text-foreground&quot;
              &gt;
                &lt;div
                  class=&quot;truncate&quot;
                  title=&quot;User logged in successfully&quot;
                &gt;
                  User logged in successfully
                &lt;/div&gt;
              &lt;/div&gt;
            &lt;/div&gt;
            &lt;div
              class=&quot;grid grid-cols-12 gap-4 text-sm py-2 px-2 hover:bg-muted/50 rounded&quot;
            &gt;
              &lt;div
                class=&quot;col-span-2 text-muted-foreground font-mono text-xs&quot;
              &gt;
                16:31:00
              &lt;/div&gt;
              &lt;div
                class=&quot;col-span-1&quot;
              &gt;
                &lt;div
                  class=&quot;inline-flex items-center rounded-full border font-semibold transition-colors focus:outline-none focus:ring-2 focus:ring-ring focus:ring-offset-2 border-transparent bg-yellow-500 text-white hover:bg-yellow-600 text-xs px-1.5 py-0.5&quot;
                &gt;
                  warn
                &lt;/div&gt;
              &lt;/div&gt;
              &lt;div
                class=&quot;col-span-2 text-muted-foreground&quot;
              &gt;
                integrations
              &lt;/div&gt;
              &lt;div
                class=&quot;col-span-7 text-foreground&quot;
              &gt;
                &lt;div
                  class=&quot;truncate&quot;
                  title=&quot;Twitter API rate limit approaching&quot;
                &gt;
                  Twitter API rate limit approaching
                &lt;/div&gt;
              &lt;/div&gt;
            &lt;/div&gt;
            &lt;div
              class=&quot;grid grid-cols-12 gap-4 text-sm py-2 px-2 hover:bg-muted/50 rounded&quot;
            &gt;
              &lt;div
                class=&quot;col-span-2 text-muted-foreground font-mono text-xs&quot;
              &gt;
                16:32:00
              &lt;/div&gt;
              &lt;div
                class=&quot;col-span-1&quot;
              &gt;
                &lt;div
                  class=&quot;inline-flex items-center rounded-full border font-semibold transition-colors focus:outline-none focus:ring-2 focus:ring-ring focus:ring-offset-2 border-transparent bg-destructive text-destructive-foreground hover:bg-destructive/80 text-xs px-1.5 py-0.5&quot;
                &gt;
                  error
                &lt;/div&gt;
              &lt;/div&gt;
              &lt;div
                class=&quot;col-span-2 text-muted-foreground&quot;
              &gt;
                roast-generator
              &lt;/div&gt;
              &lt;div
                class=&quot;col-span-7 text-foreground&quot;
              &gt;
                &lt;div
                  class=&quot;truncate&quot;
                  title=&quot;OpenAI API call failed with timeout&quot;
                &gt;
                  OpenAI API call failed with timeout
                &lt;/div&gt;
              &lt;/div&gt;
            &lt;/div&gt;
          &lt;/div&gt;
        &lt;/div&gt;
      &lt;/div&gt;
    &lt;/div&gt;
  &lt;/div&gt;
&lt;/body&gt;
    at Object.getElementError (/Users/emiliopostigo/roastr-ai/frontend/node_modules/@testing-library/dom/dist/config.js:37:19)
    at /Users/emiliopostigo/roastr-ai/frontend/node_modules/@testing-library/dom/dist/query-helpers.js:76:38
    at /Users/emiliopostigo/roastr-ai/frontend/node_modules/@testing-library/dom/dist/query-helpers.js:52:17
    at getByText (/Users/emiliopostigo/roastr-ai/frontend/node_modules/@testing-library/dom/dist/query-helpers.js:95:19)
    at Object.&lt;anonymous&gt; (/Users/emiliopostigo/roastr-ai/frontend/src/components/widgets/__tests__/LogsTableCard.test.jsx:80:34)</failure>
    </testcase>
    <testcase classname="LogsTableCard filters logs by search term" name="LogsTableCard filters logs by search term" time="0.067">
    </testcase>
    <testcase classname="LogsTableCard combines level filter and search term" name="LogsTableCard combines level filter and search term" time="0.034">
      <failure>TestingLibraryElementError: Unable to find an element with the display value: All Levels.

Ignored nodes: comments, script, style
&lt;body&gt;
  &lt;div&gt;
    &lt;div
      class=&quot;rounded-2xl border bg-card text-card-foreground shadow-sm col-span-full&quot;
    &gt;
      &lt;div
        class=&quot;flex flex-col space-y-1.5 p-6 pb-3&quot;
      &gt;
        &lt;h3
          class=&quot;text-2xl font-semibold leading-none tracking-tight flex items-center justify-between&quot;
        &gt;
          &lt;div
            class=&quot;flex items-center space-x-2&quot;
          &gt;
            &lt;div
              class=&quot;h-5 w-5&quot;
              data-testid=&quot;mock-icon&quot;
            /&gt;
            &lt;span&gt;
              System Logs
            &lt;/span&gt;
          &lt;/div&gt;
          &lt;div
            class=&quot;flex items-center space-x-2&quot;
          &gt;
            &lt;div
              class=&quot;inline-flex items-center rounded-full border px-2.5 py-0.5 font-semibold transition-colors focus:outline-none focus:ring-2 focus:ring-ring focus:ring-offset-2 text-foreground text-xs&quot;
            &gt;
              3
               entries
            &lt;/div&gt;
            &lt;button
              class=&quot;text-xs text-primary hover:underline flex items-center space-x-1&quot;
            &gt;
              &lt;div
                class=&quot;h-3 w-3&quot;
                data-testid=&quot;mock-icon&quot;
              /&gt;
              &lt;span&gt;
                Export
              &lt;/span&gt;
            &lt;/button&gt;
          &lt;/div&gt;
        &lt;/h3&gt;
      &lt;/div&gt;
      &lt;div
        class=&quot;p-6 pt-0&quot;
      &gt;
        &lt;div
          class=&quot;flex flex-col sm:flex-row gap-2 mb-4&quot;
        &gt;
          &lt;div
            class=&quot;flex-1 relative&quot;
          &gt;
            &lt;div
              class=&quot;absolute left-3 top-1/2 transform -translate-y-1/2 h-4 w-4 text-muted-foreground&quot;
              data-testid=&quot;mock-icon&quot;
            /&gt;
            &lt;input
              class=&quot;flex h-9 w-full rounded-md border border-input bg-transparent px-3 py-1 text-sm shadow-sm transition-colors file:border-0 file:bg-transparent file:text-sm file:font-medium placeholder:text-muted-foreground focus-visible:outline-none focus-visible:ring-1 focus-visible:ring-ring disabled:cursor-not-allowed disabled:opacity-50 pl-9&quot;
              placeholder=&quot;Search logs...&quot;
              value=&quot;API&quot;
            /&gt;
          &lt;/div&gt;
          &lt;div
            class=&quot;relative&quot;
          &gt;
            &lt;button
              class=&quot;flex h-9 items-center justify-between whitespace-nowrap rounded-md border border-input bg-background px-3 py-2 text-sm ring-offset-background placeholder:text-muted-foreground focus:outline-none focus:ring-2 focus:ring-ring focus:ring-offset-2 disabled:cursor-not-allowed disabled:opacity-50 w-full sm:w-32&quot;
            &gt;
              &lt;div
                class=&quot;flex items-center space-x-1&quot;
              &gt;
                &lt;div
                  class=&quot;h-4 w-4&quot;
                  data-testid=&quot;mock-icon&quot;
                /&gt;
                &lt;span
                  class=&quot;truncate&quot;
                /&gt;
              &lt;/div&gt;
              &lt;div
                class=&quot;h-4 w-4 opacity-50&quot;
                data-testid=&quot;mock-icon&quot;
              /&gt;
            &lt;/button&gt;
          &lt;/div&gt;
        &lt;/div&gt;
        &lt;div
          class=&quot;space-y-2&quot;
        &gt;
          &lt;div
            class=&quot;grid grid-cols-12 gap-4 text-xs font-medium text-muted-foreground uppercase tracking-wider pb-2 border-b&quot;
          &gt;
            &lt;div
              class=&quot;col-span-2&quot;
            &gt;
              Time
            &lt;/div&gt;
            &lt;div
              class=&quot;col-span-1&quot;
            &gt;
              Level
            &lt;/div&gt;
            &lt;div
              class=&quot;col-span-2&quot;
            &gt;
              Service
            &lt;/div&gt;
            &lt;div
              class=&quot;col-span-7&quot;
            &gt;
              Message
            &lt;/div&gt;
          &lt;/div&gt;
          &lt;div
            class=&quot;space-y-1 max-h-96 overflow-y-auto&quot;
          &gt;
            &lt;div
              class=&quot;grid grid-cols-12 gap-4 text-sm py-2 px-2 hover:bg-muted/50 rounded&quot;
            &gt;
              &lt;div
                class=&quot;col-span-2 text-muted-foreground font-mono text-xs&quot;
              &gt;
                16:30:00
              &lt;/div&gt;
              &lt;div
                class=&quot;col-span-1&quot;
              &gt;
                &lt;div
                  class=&quot;inline-flex items-center rounded-full border font-semibold transition-colors focus:outline-none focus:ring-2 focus:ring-ring focus:ring-offset-2 text-foreground text-xs px-1.5 py-0.5&quot;
                &gt;
                  info
                &lt;/div&gt;
              &lt;/div&gt;
              &lt;div
                class=&quot;col-span-2 text-muted-foreground&quot;
              &gt;
                api
              &lt;/div&gt;
              &lt;div
                class=&quot;col-span-7 text-foreground&quot;
              &gt;
                &lt;div
                  class=&quot;truncate&quot;
                  title=&quot;User logged in successfully&quot;
                &gt;
                  User logged in successfully
                &lt;/div&gt;
              &lt;/div&gt;
            &lt;/div&gt;
            &lt;div
              class=&quot;grid grid-cols-12 gap-4 text-sm py-2 px-2 hover:bg-muted/50 rounded&quot;
            &gt;
              &lt;div
                class=&quot;col-span-2 text-muted-foreground font-mono text-xs&quot;
              &gt;
                16:31:00
              &lt;/div&gt;
              &lt;div
                class=&quot;col-span-1&quot;
              &gt;
                &lt;div
                  class=&quot;inline-flex items-center rounded-full border font-semibold transition-colors focus:outline-none focus:ring-2 focus:ring-ring focus:ring-offset-2 border-transparent bg-yellow-500 text-white hover:bg-yellow-600 text-xs px-1.5 py-0.5&quot;
                &gt;
                  warn
                &lt;/div&gt;
              &lt;/div&gt;
              &lt;div
                class=&quot;col-span-2 text-muted-foreground&quot;
              &gt;
                integrations
              &lt;/div&gt;
              &lt;div
                class=&quot;col-span-7 text-foreground&quot;
              &gt;
                &lt;div
                  class=&quot;truncate&quot;
                  title=&quot;Twitter API rate limit approaching&quot;
                &gt;
                  Twitter API rate limit approaching
                &lt;/div&gt;
              &lt;/div&gt;
            &lt;/div&gt;
            &lt;div
              class=&quot;grid grid-cols-12 gap-4 text-sm py-2 px-2 hover:bg-muted/50 rounded&quot;
            &gt;
              &lt;div
                class=&quot;col-span-2 text-muted-foreground font-mono text-xs&quot;
              &gt;
                16:32:00
              &lt;/div&gt;
              &lt;div
                class=&quot;col-span-1&quot;
              &gt;
                &lt;div
                  class=&quot;inline-flex items-center rounded-full border font-semibold transition-colors focus:outline-none focus:ring-2 focus:ring-ring focus:ring-offset-2 border-transparent bg-destructive text-destructive-foreground hover:bg-destructive/80 text-xs px-1.5 py-0.5&quot;
                &gt;
                  error
                &lt;/div&gt;
              &lt;/div&gt;
              &lt;div
                class=&quot;col-span-2 text-muted-foreground&quot;
              &gt;
                roast-generator
              &lt;/div&gt;
              &lt;div
                class=&quot;col-span-7 text-foreground&quot;
              &gt;
                &lt;div
                  class=&quot;truncate&quot;
                  title=&quot;OpenAI API call failed with timeout&quot;
                &gt;
                  OpenAI API call failed with timeout
                &lt;/div&gt;
              &lt;/div&gt;
            &lt;/div&gt;
          &lt;/div&gt;
        &lt;/div&gt;
      &lt;/div&gt;
    &lt;/div&gt;
  &lt;/div&gt;
&lt;/body&gt;
    at Object.getElementError (/Users/emiliopostigo/roastr-ai/frontend/node_modules/@testing-library/dom/dist/config.js:37:19)
    at /Users/emiliopostigo/roastr-ai/frontend/node_modules/@testing-library/dom/dist/query-helpers.js:76:38
    at /Users/emiliopostigo/roastr-ai/frontend/node_modules/@testing-library/dom/dist/query-helpers.js:52:17
    at getByDisplayValue (/Users/emiliopostigo/roastr-ai/frontend/node_modules/@testing-library/dom/dist/query-helpers.js:95:19)
    at Object.&lt;anonymous&gt; (/Users/emiliopostigo/roastr-ai/frontend/src/components/widgets/__tests__/LogsTableCard.test.jsx:137:34)</failure>
    </testcase>
    <testcase classname="LogsTableCard shows empty state when no logs match filters" name="LogsTableCard shows empty state when no logs match filters" time="0.052">
    </testcase>
    <testcase classname="LogsTableCard clears filters when clear button is clicked" name="LogsTableCard clears filters when clear button is clicked" time="0.07">
    </testcase>
    <testcase classname="LogsTableCard displays correct badge variants for log levels" name="LogsTableCard displays correct badge variants for log levels" time="0.011">
    </testcase>
    <testcase classname="LogsTableCard shows pagination info when more than 25 logs" name="LogsTableCard shows pagination info when more than 25 logs" time="0.016">
    </testcase>
    <testcase classname="LogsTableCard calls logs API with correct parameters" name="LogsTableCard calls logs API with correct parameters" time="0.004">
    </testcase>
    <testcase classname="LogsTableCard handles API error gracefully" name="LogsTableCard handles API error gracefully" time="0.007">
    </testcase>
  </testsuite>
  <testsuite name="Mock Mode Detection" errors="0" failures="0" skipped="0" timestamp="2025-08-10T06:35:51" time="1.573" tests="17">
    <testcase classname="Mock Mode Detection isSupabaseConfigured returns false when no Supabase variables are set" name="Mock Mode Detection isSupabaseConfigured returns false when no Supabase variables are set" time="0.003">
    </testcase>
    <testcase classname="Mock Mode Detection isSupabaseConfigured returns false when only URL is set" name="Mock Mode Detection isSupabaseConfigured returns false when only URL is set" time="0.001">
    </testcase>
    <testcase classname="Mock Mode Detection isSupabaseConfigured returns false when only anon key is set" name="Mock Mode Detection isSupabaseConfigured returns false when only anon key is set" time="0">
    </testcase>
    <testcase classname="Mock Mode Detection isSupabaseConfigured returns true when both variables are set" name="Mock Mode Detection isSupabaseConfigured returns true when both variables are set" time="0">
    </testcase>
    <testcase classname="Mock Mode Detection isMockModeEnabled returns true when Supabase is not configured (forced mock mode)" name="Mock Mode Detection isMockModeEnabled returns true when Supabase is not configured (forced mock mode)" time="0">
    </testcase>
    <testcase classname="Mock Mode Detection isMockModeEnabled returns false when Supabase is configured and no explicit mock mode" name="Mock Mode Detection isMockModeEnabled returns false when Supabase is configured and no explicit mock mode" time="0">
    </testcase>
    <testcase classname="Mock Mode Detection isMockModeEnabled returns true when Supabase is configured but mock mode is explicitly enabled" name="Mock Mode Detection isMockModeEnabled returns true when Supabase is configured but mock mode is explicitly enabled" time="0">
    </testcase>
    <testcase classname="Mock Mode Detection isMockModeEnabled returns false when explicit mock mode is disabled" name="Mock Mode Detection isMockModeEnabled returns false when explicit mock mode is disabled" time="0">
    </testcase>
    <testcase classname="Mock Mode Detection getMockModeStatus returns correct status when Supabase is not configured" name="Mock Mode Detection getMockModeStatus returns correct status when Supabase is not configured" time="0">
    </testcase>
    <testcase classname="Mock Mode Detection getMockModeStatus returns correct status when mock mode is explicitly enabled" name="Mock Mode Detection getMockModeStatus returns correct status when mock mode is explicitly enabled" time="0">
    </testcase>
    <testcase classname="Mock Mode Detection getMockModeStatus returns correct status when mock mode is disabled" name="Mock Mode Detection getMockModeStatus returns correct status when mock mode is disabled" time="0">
    </testcase>
    <testcase classname="Mock Mode Detection MockSupabaseClient Authentication Methods signInWithPassword creates mock session" name="Mock Mode Detection MockSupabaseClient Authentication Methods signInWithPassword creates mock session" time="0.503">
    </testcase>
    <testcase classname="Mock Mode Detection MockSupabaseClient Authentication Methods signUp creates mock user" name="Mock Mode Detection MockSupabaseClient Authentication Methods signUp creates mock user" time="0.503">
    </testcase>
    <testcase classname="Mock Mode Detection MockSupabaseClient Authentication Methods signOut clears session" name="Mock Mode Detection MockSupabaseClient Authentication Methods signOut clears session" time="0">
    </testcase>
    <testcase classname="Mock Mode Detection MockSupabaseClient Authentication Methods getSession with no stored session returns null" name="Mock Mode Detection MockSupabaseClient Authentication Methods getSession with no stored session returns null" time="0.001">
    </testcase>
    <testcase classname="Mock Mode Detection MockSupabaseClient Authentication Methods getUser with no stored user returns null" name="Mock Mode Detection MockSupabaseClient Authentication Methods getUser with no stored user returns null" time="0">
    </testcase>
    <testcase classname="Mock Mode Detection MockSupabaseClient Auth State Changes onAuthStateChange sets up listener" name="Mock Mode Detection MockSupabaseClient Auth State Changes onAuthStateChange sets up listener" time="0.001">
    </testcase>
  </testsuite>
  <testsuite name="Compose" errors="0" failures="0" skipped="0" timestamp="2025-08-10T06:35:51" time="1.594" tests="14">
    <testcase classname="Compose renders compose page header" name="Compose renders compose page header" time="0.072">
    </testcase>
    <testcase classname="Compose renders input form elements" name="Compose renders input form elements" time="0.022">
    </testcase>
    <testcase classname="Compose updates character count as user types" name="Compose updates character count as user types" time="0.093">
    </testcase>
    <testcase classname="Compose disables generate preview button when message is empty" name="Compose disables generate preview button when message is empty" time="0.011">
    </testcase>
    <testcase classname="Compose enables generate preview button when message is entered" name="Compose enables generate preview button when message is entered" time="0.071">
    </testcase>
    <testcase classname="Compose generates roast preview on button click" name="Compose generates roast preview on button click" time="0.142">
    </testcase>
    <testcase classname="Compose shows loading state during preview generation" name="Compose shows loading state during preview generation" time="0.178">
    </testcase>
    <testcase classname="Compose shows platform selection after generating preview" name="Compose shows platform selection after generating preview" time="0.078">
    </testcase>
    <testcase classname="Compose enables send button after generating preview" name="Compose enables send button after generating preview" time="0.083">
    </testcase>
    <testcase classname="Compose clears form after sending roast" name="Compose clears form after sending roast" time="0.114">
    </testcase>
    <testcase classname="Compose shows empty state when no preview is generated" name="Compose shows empty state when no preview is generated" time="0.004">
    </testcase>
    <testcase classname="Compose renders recent roasts section" name="Compose renders recent roasts section" time="0.004">
    </testcase>
    <testcase classname="Compose handles API error during preview generation" name="Compose handles API error during preview generation" time="0.079">
    </testcase>
    <testcase classname="Compose respects character limit" name="Compose respects character limit" time="0.006">
    </testcase>
  </testsuite>
  <testsuite name="AuthContext - Mock Mode" errors="0" failures="3" skipped="0" timestamp="2025-08-10T06:35:51" time="3.346" tests="10">
    <testcase classname="AuthContext - Mock Mode initializes with mock mode enabled" name="AuthContext - Mock Mode initializes with mock mode enabled" time="0.029">
    </testcase>
    <testcase classname="AuthContext - Mock Mode starts with no authenticated user" name="AuthContext - Mock Mode starts with no authenticated user" time="0.01">
    </testcase>
    <testcase classname="AuthContext - Mock Mode restores session from localStorage on mount" name="AuthContext - Mock Mode restores session from localStorage on mount" time="1.006">
      <failure>Error: expect(element).toHaveTextContent()

Expected element to have text content:
  stored@example.com
Received:
  no-user

Ignored nodes: comments, script, style
&lt;html&gt;
  &lt;head /&gt;
  &lt;body&gt;
    &lt;div&gt;
      &lt;div&gt;
        &lt;div
          data-testid=&quot;mock-mode&quot;
        &gt;
          true
        &lt;/div&gt;
        &lt;div
          data-testid=&quot;user-email&quot;
        &gt;
          no-user
        &lt;/div&gt;
        &lt;div
          data-testid=&quot;session-status&quot;
        &gt;
          unauthenticated
        &lt;/div&gt;
        &lt;div
          data-testid=&quot;user-data&quot;
        &gt;
          no-user-data
        &lt;/div&gt;
        &lt;button
          data-testid=&quot;sign-in-btn&quot;
        &gt;
          Sign In
        &lt;/button&gt;
        &lt;button
          data-testid=&quot;sign-up-btn&quot;
        &gt;
          Sign Up
        &lt;/button&gt;
        &lt;button
          data-testid=&quot;sign-out-btn&quot;
        &gt;
          Sign Out
        &lt;/button&gt;
      &lt;/div&gt;
    &lt;/div&gt;
  &lt;/body&gt;
&lt;/html&gt;
    at /Users/emiliopostigo/roastr-ai/frontend/src/contexts/__tests__/AuthContext.mock.test.js:132:48
    at runWithExpensiveErrorDiagnosticsDisabled (/Users/emiliopostigo/roastr-ai/frontend/node_modules/@testing-library/dom/dist/config.js:47:12)
    at checkCallback (/Users/emiliopostigo/roastr-ai/frontend/node_modules/@testing-library/dom/dist/wait-for.js:124:77)
    at checkRealTimersCallback (/Users/emiliopostigo/roastr-ai/frontend/node_modules/@testing-library/dom/dist/wait-for.js:118:16)
    at Timeout.task [as _onTimeout] (/Users/emiliopostigo/roastr-ai/frontend/node_modules/jsdom/lib/jsdom/browser/Window.js:516:19)
    at listOnTimeout (node:internal/timers:588:17)
    at processTimers (node:internal/timers:523:7)</failure>
    </testcase>
    <testcase classname="AuthContext - Mock Mode does not restore expired session" name="AuthContext - Mock Mode does not restore expired session" time="0.005">
    </testcase>
    <testcase classname="AuthContext - Mock Mode Authentication Actions signIn creates mock session and user" name="AuthContext - Mock Mode Authentication Actions signIn creates mock session and user" time="0.54">
      <failure>Error: expect(jest.fn()).toHaveBeenCalledWith(...expected)

Expected: &quot;mock_supabase_session&quot;, StringContaining &quot;test@example.com&quot;

Number of calls: 0
    at Object.&lt;anonymous&gt; (/Users/emiliopostigo/roastr-ai/frontend/src/contexts/__tests__/AuthContext.mock.test.js:174:40)</failure>
    </testcase>
    <testcase classname="AuthContext - Mock Mode Authentication Actions signUp creates mock user and session" name="AuthContext - Mock Mode Authentication Actions signUp creates mock user and session" time="0.518">
    </testcase>
    <testcase classname="AuthContext - Mock Mode Authentication Actions signOut clears user and session" name="AuthContext - Mock Mode Authentication Actions signOut clears user and session" time="0.023">
      <failure>Error: expect(jest.fn()).toHaveBeenCalledWith(...expected)

Expected: &quot;mock_supabase_session&quot;

Number of calls: 0
    at Object.&lt;anonymous&gt; (/Users/emiliopostigo/roastr-ai/frontend/src/contexts/__tests__/AuthContext.mock.test.js:223:43)</failure>
    </testcase>
    <testcase classname="AuthContext - Mock Mode User Data Management loads user data after authentication" name="AuthContext - Mock Mode User Data Management loads user data after authentication" time="0.491">
    </testcase>
    <testcase classname="AuthContext - Mock Mode Error Handling handles localStorage errors gracefully" name="AuthContext - Mock Mode Error Handling handles localStorage errors gracefully" time="0.009">
    </testcase>
    <testcase classname="AuthContext - Mock Mode Error Handling handles invalid JSON in localStorage" name="AuthContext - Mock Mode Error Handling handles invalid JSON in localStorage" time="0.009">
    </testcase>
  </testsuite>
  <testsuite name="IntegrationsCard" errors="0" failures="4" skipped="0" timestamp="2025-08-10T06:35:51" time="3.71" tests="7">
    <testcase classname="IntegrationsCard renders loading state initially" name="IntegrationsCard renders loading state initially" time="0.04">
      <failure>TestingLibraryElementError: Unable to find an element by: [data-testid=&quot;skeleton&quot;]

Ignored nodes: comments, script, style
&lt;body&gt;
  &lt;div&gt;
    &lt;div
      class=&quot;rounded-2xl border bg-card text-card-foreground shadow-sm&quot;
    &gt;
      &lt;div
        class=&quot;flex flex-col space-y-1.5 p-6&quot;
      &gt;
        &lt;h3
          class=&quot;text-2xl font-semibold leading-none tracking-tight&quot;
        &gt;
          Integrations
        &lt;/h3&gt;
      &lt;/div&gt;
      &lt;div
        class=&quot;p-6 pt-0 space-y-3&quot;
      &gt;
        &lt;div
          class=&quot;flex items-center justify-between&quot;
        &gt;
          &lt;div
            class=&quot;animate-pulse rounded-md bg-muted h-4 w-16&quot;
          /&gt;
          &lt;div
            class=&quot;animate-pulse rounded-md bg-muted h-5 w-20&quot;
          /&gt;
        &lt;/div&gt;
        &lt;div
          class=&quot;flex items-center justify-between&quot;
        &gt;
          &lt;div
            class=&quot;animate-pulse rounded-md bg-muted h-4 w-16&quot;
          /&gt;
          &lt;div
            class=&quot;animate-pulse rounded-md bg-muted h-5 w-20&quot;
          /&gt;
        &lt;/div&gt;
        &lt;div
          class=&quot;flex items-center justify-between&quot;
        &gt;
          &lt;div
            class=&quot;animate-pulse rounded-md bg-muted h-4 w-16&quot;
          /&gt;
          &lt;div
            class=&quot;animate-pulse rounded-md bg-muted h-5 w-20&quot;
          /&gt;
        &lt;/div&gt;
        &lt;div
          class=&quot;flex items-center justify-between&quot;
        &gt;
          &lt;div
            class=&quot;animate-pulse rounded-md bg-muted h-4 w-16&quot;
          /&gt;
          &lt;div
            class=&quot;animate-pulse rounded-md bg-muted h-5 w-20&quot;
          /&gt;
        &lt;/div&gt;
      &lt;/div&gt;
    &lt;/div&gt;
  &lt;/div&gt;
&lt;/body&gt;
    at Object.getElementError (/Users/emiliopostigo/roastr-ai/frontend/node_modules/@testing-library/dom/dist/config.js:37:19)
    at /Users/emiliopostigo/roastr-ai/frontend/node_modules/@testing-library/dom/dist/query-helpers.js:76:38
    at getAllByTestId (/Users/emiliopostigo/roastr-ai/frontend/node_modules/@testing-library/dom/dist/query-helpers.js:109:15)
    at Object.&lt;anonymous&gt; (/Users/emiliopostigo/roastr-ai/frontend/src/components/widgets/__tests__/IntegrationsCard.test.jsx:19:19)
    at Promise.then.completed (/Users/emiliopostigo/roastr-ai/frontend/node_modules/jest-circus/build/utils.js:391:28)
    at new Promise (&lt;anonymous&gt;)
    at callAsyncCircusFn (/Users/emiliopostigo/roastr-ai/frontend/node_modules/jest-circus/build/utils.js:316:10)
    at _callCircusTest (/Users/emiliopostigo/roastr-ai/frontend/node_modules/jest-circus/build/run.js:218:40)
    at processTicksAndRejections (node:internal/process/task_queues:105:5)
    at _runTest (/Users/emiliopostigo/roastr-ai/frontend/node_modules/jest-circus/build/run.js:155:3)
    at _runTestsForDescribeBlock (/Users/emiliopostigo/roastr-ai/frontend/node_modules/jest-circus/build/run.js:66:9)
    at _runTestsForDescribeBlock (/Users/emiliopostigo/roastr-ai/frontend/node_modules/jest-circus/build/run.js:60:9)
    at run (/Users/emiliopostigo/roastr-ai/frontend/node_modules/jest-circus/build/run.js:25:3)
    at runAndTransformResultsToJestFormat (/Users/emiliopostigo/roastr-ai/frontend/node_modules/jest-circus/build/legacy-code-todo-rewrite/jestAdapterInit.js:170:21)
    at jestAdapter (/Users/emiliopostigo/roastr-ai/frontend/node_modules/jest-circus/build/legacy-code-todo-rewrite/jestAdapter.js:82:19)
    at runTestInternal (/Users/emiliopostigo/roastr-ai/frontend/node_modules/jest-runner/build/runTest.js:389:16)
    at runTest (/Users/emiliopostigo/roastr-ai/frontend/node_modules/jest-runner/build/runTest.js:475:34)
    at Object.worker (/Users/emiliopostigo/roastr-ai/frontend/node_modules/jest-runner/build/testWorker.js:133:12)</failure>
    </testcase>
    <testcase classname="IntegrationsCard renders integrations data after successful API call" name="IntegrationsCard renders integrations data after successful API call" time="1.005">
      <failure>Error: expect(received).toHaveLength(expected)

Expected length: 2
Received length: 3
Received array:  [&lt;div class=&quot;text-xs font-medium text-muted-foreground mb-2 uppercase tracking-wider&quot;&gt;Connected&lt;/div&gt;, &lt;div class=&quot;inline-flex items-center rounded-full border px-2.5 py-0.5 font-semibold transition-colors focus:outline-none focus:ring-2 focus:ring-ring focus:ring-offset-2 border-transparent bg-green-500 text-white hover:bg-green-600 text-xs&quot;&gt;Connected&lt;/div&gt;, &lt;div class=&quot;inline-flex items-center rounded-full border px-2.5 py-0.5 font-semibold transition-colors focus:outline-none focus:ring-2 focus:ring-ring focus:ring-offset-2 border-transparent bg-green-500 text-white hover:bg-green-600 text-xs&quot;&gt;Connected&lt;/div&gt;]

Ignored nodes: comments, script, style
&lt;html&gt;
  &lt;head /&gt;
  &lt;body&gt;
    &lt;div&gt;
      &lt;div
        class=&quot;rounded-2xl border bg-card text-card-foreground shadow-sm&quot;
      &gt;
        &lt;div
          class=&quot;flex flex-col space-y-1.5 p-6 pb-3&quot;
        &gt;
          &lt;h3
            class=&quot;text-2xl font-semibold leading-none tracking-tight flex items-center justify-between&quot;
          &gt;
            &lt;div
              class=&quot;flex items-center space-x-2&quot;
            &gt;
              &lt;div
                class=&quot;h-5 w-5&quot;
                data-testid=&quot;mock-icon&quot;
              /&gt;
              &lt;span&gt;
                Integrations
              &lt;/span&gt;
            &lt;/div&gt;
            &lt;div
              class=&quot;inline-flex items-center rounded-full border px-2.5 py-0.5 text-xs font-semibold transition-colors focus:outline-none focus:ring-2 focus:ring-ring focus:ring-offset-2 text-foreground&quot;
            &gt;
              2
              /
              3
            &lt;/div&gt;
          &lt;/h3&gt;
        &lt;/div&gt;
        &lt;div
          class=&quot;p-6 pt-0&quot;
        &gt;
          &lt;div
            class=&quot;space-y-3&quot;
          &gt;
            &lt;div&gt;
              &lt;div
                class=&quot;text-xs font-medium text-muted-foreground mb-2 uppercase tracking-wider&quot;
              &gt;
                Connected
              &lt;/div&gt;
              &lt;div
                class=&quot;space-y-2&quot;
              &gt;
                &lt;div
                  class=&quot;flex items-center justify-between p-2 bg-green-50 dark:bg-green-950/20 rounded-lg&quot;
                &gt;
                  &lt;div
                    class=&quot;flex items-center space-x-2&quot;
                  &gt;
                    &lt;span
                      class=&quot;text-sm&quot;
                    &gt;
                      🐦
                    &lt;/span&gt;
                    &lt;span
                      class=&quot;text-sm font-medium&quot;
                    &gt;
                      Twitter
                    &lt;/span&gt;
                  &lt;/div&gt;
                  &lt;div
                    class=&quot;inline-flex items-center rounded-full border px-2.5 py-0.5 font-semibold transition-colors focus:outline-none focus:ring-2 focus:ring-ring focus:ring-offset-2 border-transparent bg-green-500 text-white hover:bg-green-600 text-xs&quot;
                  &gt;
                    Connected
                  &lt;/div&gt;
                &lt;/div&gt;
                &lt;div
                  class=&quot;flex items-center justify-between p-2 bg-green-50 dark:bg-green-950/20 rounded-lg&quot;
                &gt;
                  &lt;div
                    class=&quot;flex items-center space-x-2&quot;
                  &gt;
                    &lt;span
                      class=&quot;text-sm&quot;
                    &gt;
                      📺
                    &lt;/span&gt;
                    &lt;span
                      class=&quot;text-sm font-medium&quot;
                    &gt;
                      YouTube
                    &lt;/span&gt;
                  &lt;/div&gt;
                  &lt;div
                    class=&quot;inline-flex items-center rounded-full border px-2.5 py-0.5 font-semibold transition-colors focus:outline-none focus:ring-2 focus:ring-ring focus:ring-offset-2 border-transparent bg-green-500 text-white hover:bg-green-600 text-xs&quot;
                  &gt;
                    Connected
                  &lt;/div&gt;
                &lt;/div&gt;
              &lt;/div&gt;
            &lt;/div&gt;
            &lt;div&gt;
              &lt;div
                class=&quot;text-xs font-medium text-muted-foreground mb-2 uppercase tracking-wider&quot;
              &gt;
                Available
              &lt;/div&gt;
              &lt;div
                class=&quot;space-y-1&quot;
              &gt;
                &lt;div
                  class=&quot;flex items-center justify-between p-1.5 rounded&quot;
                &gt;
                  &lt;div
                    class=&quot;flex items-center space-x-2&quot;
                  &gt;
                    &lt;span
                      class=&quot;text-sm opacity-60&quot;
                    &gt;
                      📷
                    &lt;/span&gt;
                    &lt;span
                      class=&quot;text-sm text-muted-foreground&quot;
                    &gt;
                      Instagram
                    &lt;/span&gt;
                  &lt;/div&gt;
                  &lt;div
                    class=&quot;inline-flex items-center rounded-full border px-2.5 py-0.5 font-semibold transition-colors focus:outline-none focus:ring-2 focus:ring-ring focus:ring-offset-2 text-foreground text-xs&quot;
                  &gt;
                    Available
                  &lt;/div&gt;
                &lt;/div&gt;
              &lt;/div&gt;
            &lt;/div&gt;
            &lt;div
              class=&quot;pt-3 border-t&quot;
            &gt;
              &lt;button
                class=&quot;flex items-center space-x-2 text-xs text-primary hover:underline&quot;
              &gt;
                &lt;div
                  class=&quot;h-3 w-3&quot;
                  data-testid=&quot;mock-icon&quot;
                /&gt;
                &lt;span&gt;
                  Manage integrations
                &lt;/span&gt;
              &lt;/button&gt;
            &lt;/div&gt;
          &lt;/div&gt;
        &lt;/div&gt;
      &lt;/div&gt;
    &lt;/div&gt;
  &lt;/body&gt;
&lt;/html&gt;
    at /Users/emiliopostigo/roastr-ai/frontend/src/components/widgets/__tests__/IntegrationsCard.test.jsx:59:48
    at runWithExpensiveErrorDiagnosticsDisabled (/Users/emiliopostigo/roastr-ai/frontend/node_modules/@testing-library/dom/dist/config.js:47:12)
    at checkCallback (/Users/emiliopostigo/roastr-ai/frontend/node_modules/@testing-library/dom/dist/wait-for.js:124:77)
    at checkRealTimersCallback (/Users/emiliopostigo/roastr-ai/frontend/node_modules/@testing-library/dom/dist/wait-for.js:118:16)
    at Timeout.task [as _onTimeout] (/Users/emiliopostigo/roastr-ai/frontend/node_modules/jsdom/lib/jsdom/browser/Window.js:516:19)
    at listOnTimeout (node:internal/timers:588:17)
    at processTimers (node:internal/timers:523:7)</failure>
    </testcase>
    <testcase classname="IntegrationsCard shows connected integrations section when there are connected platforms" name="IntegrationsCard shows connected integrations section when there are connected platforms" time="1.003">
      <failure>Error: Found multiple elements with the text: Connected

Here are the matching elements:

Ignored nodes: comments, script, style
&lt;div
  class=&quot;text-xs font-medium text-muted-foreground mb-2 uppercase tracking-wider&quot;
&gt;
  Connected
&lt;/div&gt;

Ignored nodes: comments, script, style
&lt;div
  class=&quot;inline-flex items-center rounded-full border px-2.5 py-0.5 font-semibold transition-colors focus:outline-none focus:ring-2 focus:ring-ring focus:ring-offset-2 border-transparent bg-green-500 text-white hover:bg-green-600 text-xs&quot;
&gt;
  Connected
&lt;/div&gt;

(If this is intentional, then use the `*AllBy*` variant of the query (like `queryAllByText`, `getAllByText`, or `findAllByText`)).

Ignored nodes: comments, script, style
&lt;body&gt;
  &lt;div&gt;
    &lt;div
      class=&quot;rounded-2xl border bg-card text-card-foreground shadow-sm&quot;
    &gt;
      &lt;div
        class=&quot;flex flex-col space-y-1.5 p-6 pb-3&quot;
      &gt;
        &lt;h3
          class=&quot;text-2xl font-semibold leading-none tracking-tight flex items-center justify-between&quot;
        &gt;
          &lt;div
            class=&quot;flex items-center space-x-2&quot;
          &gt;
            &lt;div
              class=&quot;h-5 w-5&quot;
              data-testid=&quot;mock-icon&quot;
            /&gt;
            &lt;span&gt;
              Integrations
            &lt;/span&gt;
          &lt;/div&gt;
          &lt;div
            class=&quot;inline-flex items-center rounded-full border px-2.5 py-0.5 text-xs font-semibold transition-colors focus:outline-none focus:ring-2 focus:ring-ring focus:ring-offset-2 text-foreground&quot;
          &gt;
            1
            /
            1
          &lt;/div&gt;
        &lt;/h3&gt;
      &lt;/div&gt;
      &lt;div
        class=&quot;p-6 pt-0&quot;
      &gt;
        &lt;div
          class=&quot;space-y-3&quot;
        &gt;
          &lt;div&gt;
            &lt;div
              class=&quot;text-xs font-medium text-muted-foreground mb-2 uppercase tracking-wider&quot;
            &gt;
              Connected
            &lt;/div&gt;
            &lt;div
              class=&quot;space-y-2&quot;
            &gt;
              &lt;div
                class=&quot;flex items-center justify-between p-2 bg-green-50 dark:bg-green-950/20 rounded-lg&quot;
              &gt;
                &lt;div
                  class=&quot;flex items-center space-x-2&quot;
                &gt;
                  &lt;span
                    class=&quot;text-sm&quot;
                  &gt;
                    🐦
                  &lt;/span&gt;
                  &lt;span
                    class=&quot;text-sm font-medium&quot;
                  &gt;
                    Twitter
                  &lt;/span&gt;
                &lt;/div&gt;
                &lt;div
                  class=&quot;inline-flex items-center rounded-full border px-2.5 py-0.5 font-semibold transition-colors focus:outline-none focus:ring-2 focus:ring-ring focus:ring-offset-2 border-transparent bg-green-500 text-white hover:bg-green-600 text-xs&quot;
                &gt;
                  Connected
                &lt;/div&gt;
              &lt;/div&gt;
            &lt;/div&gt;
          &lt;/div&gt;
          &lt;div
            class=&quot;pt-3 border-t&quot;
          &gt;
            &lt;button
              class=&quot;flex items-center space-x-2 text-xs text-primary hover:underline&quot;
            &gt;
              &lt;div
                class=&quot;h-3 w-3&quot;
                data-testid=&quot;mock-icon&quot;
              /&gt;
              &lt;span&gt;
                Manage integrations
              &lt;/span&gt;
            &lt;/button&gt;
          &lt;/div&gt;
        &lt;/div&gt;
      &lt;/div&gt;
    &lt;/div&gt;
  &lt;/div&gt;
&lt;/body&gt;
    at waitForWrapper (/Users/emiliopostigo/roastr-ai/frontend/node_modules/@testing-library/dom/dist/wait-for.js:163:27)
    at Object.&lt;anonymous&gt; (/Users/emiliopostigo/roastr-ai/frontend/src/components/widgets/__tests__/IntegrationsCard.test.jsx:81:18)
    at Promise.then.completed (/Users/emiliopostigo/roastr-ai/frontend/node_modules/jest-circus/build/utils.js:391:28)
    at new Promise (&lt;anonymous&gt;)
    at callAsyncCircusFn (/Users/emiliopostigo/roastr-ai/frontend/node_modules/jest-circus/build/utils.js:316:10)
    at _callCircusTest (/Users/emiliopostigo/roastr-ai/frontend/node_modules/jest-circus/build/run.js:218:40)
    at _runTest (/Users/emiliopostigo/roastr-ai/frontend/node_modules/jest-circus/build/run.js:155:3)
    at _runTestsForDescribeBlock (/Users/emiliopostigo/roastr-ai/frontend/node_modules/jest-circus/build/run.js:66:9)
    at _runTestsForDescribeBlock (/Users/emiliopostigo/roastr-ai/frontend/node_modules/jest-circus/build/run.js:60:9)
    at run (/Users/emiliopostigo/roastr-ai/frontend/node_modules/jest-circus/build/run.js:25:3)
    at runAndTransformResultsToJestFormat (/Users/emiliopostigo/roastr-ai/frontend/node_modules/jest-circus/build/legacy-code-todo-rewrite/jestAdapterInit.js:170:21)
    at jestAdapter (/Users/emiliopostigo/roastr-ai/frontend/node_modules/jest-circus/build/legacy-code-todo-rewrite/jestAdapter.js:82:19)
    at runTestInternal (/Users/emiliopostigo/roastr-ai/frontend/node_modules/jest-runner/build/runTest.js:389:16)
    at runTest (/Users/emiliopostigo/roastr-ai/frontend/node_modules/jest-runner/build/runTest.js:475:34)
    at Object.worker (/Users/emiliopostigo/roastr-ai/frontend/node_modules/jest-runner/build/testWorker.js:133:12)</failure>
    </testcase>
    <testcase classname="IntegrationsCard shows available integrations section when there are disconnected platforms" name="IntegrationsCard shows available integrations section when there are disconnected platforms" time="1.009">
      <failure>Error: Found multiple elements with the text: Available

Here are the matching elements:

Ignored nodes: comments, script, style
&lt;div
  class=&quot;text-xs font-medium text-muted-foreground mb-2 uppercase tracking-wider&quot;
&gt;
  Available
&lt;/div&gt;

Ignored nodes: comments, script, style
&lt;div
  class=&quot;inline-flex items-center rounded-full border px-2.5 py-0.5 font-semibold transition-colors focus:outline-none focus:ring-2 focus:ring-ring focus:ring-offset-2 text-foreground text-xs&quot;
&gt;
  Available
&lt;/div&gt;

(If this is intentional, then use the `*AllBy*` variant of the query (like `queryAllByText`, `getAllByText`, or `findAllByText`)).

Ignored nodes: comments, script, style
&lt;body&gt;
  &lt;div&gt;
    &lt;div
      class=&quot;rounded-2xl border bg-card text-card-foreground shadow-sm&quot;
    &gt;
      &lt;div
        class=&quot;flex flex-col space-y-1.5 p-6 pb-3&quot;
      &gt;
        &lt;h3
          class=&quot;text-2xl font-semibold leading-none tracking-tight flex items-center justify-between&quot;
        &gt;
          &lt;div
            class=&quot;flex items-center space-x-2&quot;
          &gt;
            &lt;div
              class=&quot;h-5 w-5&quot;
              data-testid=&quot;mock-icon&quot;
            /&gt;
            &lt;span&gt;
              Integrations
            &lt;/span&gt;
          &lt;/div&gt;
          &lt;div
            class=&quot;inline-flex items-center rounded-full border px-2.5 py-0.5 text-xs font-semibold transition-colors focus:outline-none focus:ring-2 focus:ring-ring focus:ring-offset-2 text-foreground&quot;
          &gt;
            0
            /
            1
          &lt;/div&gt;
        &lt;/h3&gt;
      &lt;/div&gt;
      &lt;div
        class=&quot;p-6 pt-0&quot;
      &gt;
        &lt;div
          class=&quot;space-y-3&quot;
        &gt;
          &lt;div&gt;
            &lt;div
              class=&quot;text-xs font-medium text-muted-foreground mb-2 uppercase tracking-wider&quot;
            &gt;
              Available
            &lt;/div&gt;
            &lt;div
              class=&quot;space-y-1&quot;
            &gt;
              &lt;div
                class=&quot;flex items-center justify-between p-1.5 rounded&quot;
              &gt;
                &lt;div
                  class=&quot;flex items-center space-x-2&quot;
                &gt;
                  &lt;span
                    class=&quot;text-sm opacity-60&quot;
                  &gt;
                    📘
                  &lt;/span&gt;
                  &lt;span
                    class=&quot;text-sm text-muted-foreground&quot;
                  &gt;
                    Facebook
                  &lt;/span&gt;
                &lt;/div&gt;
                &lt;div
                  class=&quot;inline-flex items-center rounded-full border px-2.5 py-0.5 font-semibold transition-colors focus:outline-none focus:ring-2 focus:ring-ring focus:ring-offset-2 text-foreground text-xs&quot;
                &gt;
                  Available
                &lt;/div&gt;
              &lt;/div&gt;
            &lt;/div&gt;
          &lt;/div&gt;
          &lt;div
            class=&quot;pt-3 border-t&quot;
          &gt;
            &lt;button
              class=&quot;flex items-center space-x-2 text-xs text-primary hover:underline&quot;
            &gt;
              &lt;div
                class=&quot;h-3 w-3&quot;
                data-testid=&quot;mock-icon&quot;
              /&gt;
              &lt;span&gt;
                Manage integrations
              &lt;/span&gt;
            &lt;/button&gt;
          &lt;/div&gt;
        &lt;/div&gt;
      &lt;/div&gt;
    &lt;/div&gt;
  &lt;/div&gt;
&lt;/body&gt;
    at waitForWrapper (/Users/emiliopostigo/roastr-ai/frontend/node_modules/@testing-library/dom/dist/wait-for.js:163:27)
    at Object.&lt;anonymous&gt; (/Users/emiliopostigo/roastr-ai/frontend/src/components/widgets/__tests__/IntegrationsCard.test.jsx:103:18)
    at Promise.then.completed (/Users/emiliopostigo/roastr-ai/frontend/node_modules/jest-circus/build/utils.js:391:28)
    at new Promise (&lt;anonymous&gt;)
    at callAsyncCircusFn (/Users/emiliopostigo/roastr-ai/frontend/node_modules/jest-circus/build/utils.js:316:10)
    at _callCircusTest (/Users/emiliopostigo/roastr-ai/frontend/node_modules/jest-circus/build/run.js:218:40)
    at _runTest (/Users/emiliopostigo/roastr-ai/frontend/node_modules/jest-circus/build/run.js:155:3)
    at _runTestsForDescribeBlock (/Users/emiliopostigo/roastr-ai/frontend/node_modules/jest-circus/build/run.js:66:9)
    at _runTestsForDescribeBlock (/Users/emiliopostigo/roastr-ai/frontend/node_modules/jest-circus/build/run.js:60:9)
    at run (/Users/emiliopostigo/roastr-ai/frontend/node_modules/jest-circus/build/run.js:25:3)
    at runAndTransformResultsToJestFormat (/Users/emiliopostigo/roastr-ai/frontend/node_modules/jest-circus/build/legacy-code-todo-rewrite/jestAdapterInit.js:170:21)
    at jestAdapter (/Users/emiliopostigo/roastr-ai/frontend/node_modules/jest-circus/build/legacy-code-todo-rewrite/jestAdapter.js:82:19)
    at runTestInternal (/Users/emiliopostigo/roastr-ai/frontend/node_modules/jest-runner/build/runTest.js:389:16)
    at runTest (/Users/emiliopostigo/roastr-ai/frontend/node_modules/jest-runner/build/runTest.js:475:34)
    at Object.worker (/Users/emiliopostigo/roastr-ai/frontend/node_modules/jest-runner/build/testWorker.js:133:12)</failure>
    </testcase>
    <testcase classname="IntegrationsCard limits available integrations display to 3 items" name="IntegrationsCard limits available integrations display to 3 items" time="0.021">
    </testcase>
    <testcase classname="IntegrationsCard handles API error gracefully" name="IntegrationsCard handles API error gracefully" time="0.009">
    </testcase>
    <testcase classname="IntegrationsCard calls integrations API endpoint on mount" name="IntegrationsCard calls integrations API endpoint on mount" time="0.002">
    </testcase>
  </testsuite>
  <testsuite name="PlanStatusCard" errors="0" failures="5" skipped="0" timestamp="2025-08-10T06:35:51" time="3.964" tests="5">
    <testcase classname="PlanStatusCard renders loading state initially" name="PlanStatusCard renders loading state initially" time="0.03">
      <failure>TestingLibraryElementError: Unable to find an element by: [data-testid=&quot;skeleton&quot;]

Ignored nodes: comments, script, style
&lt;body&gt;
  &lt;div&gt;
    &lt;div
      class=&quot;rounded-2xl border bg-card text-card-foreground shadow-sm&quot;
    &gt;
      &lt;div
        class=&quot;flex flex-col space-y-1.5 p-6&quot;
      &gt;
        &lt;h3
          class=&quot;text-2xl font-semibold leading-none tracking-tight&quot;
        &gt;
          Plan Status
        &lt;/h3&gt;
      &lt;/div&gt;
      &lt;div
        class=&quot;p-6 pt-0 space-y-4&quot;
      &gt;
        &lt;div
          class=&quot;animate-pulse rounded-md bg-muted h-8 w-24&quot;
        /&gt;
        &lt;div
          class=&quot;space-y-2&quot;
        &gt;
          &lt;div
            class=&quot;animate-pulse rounded-md bg-muted h-4 w-full&quot;
          /&gt;
          &lt;div
            class=&quot;animate-pulse rounded-md bg-muted h-4 w-3/4&quot;
          /&gt;
        &lt;/div&gt;
      &lt;/div&gt;
    &lt;/div&gt;
  &lt;/div&gt;
&lt;/body&gt;
    at Object.getElementError (/Users/emiliopostigo/roastr-ai/frontend/node_modules/@testing-library/dom/dist/config.js:37:19)
    at /Users/emiliopostigo/roastr-ai/frontend/node_modules/@testing-library/dom/dist/query-helpers.js:76:38
    at getAllByTestId (/Users/emiliopostigo/roastr-ai/frontend/node_modules/@testing-library/dom/dist/query-helpers.js:109:15)
    at Object.&lt;anonymous&gt; (/Users/emiliopostigo/roastr-ai/frontend/src/components/widgets/__tests__/PlanStatusCard.test.jsx:19:19)
    at Promise.then.completed (/Users/emiliopostigo/roastr-ai/frontend/node_modules/jest-circus/build/utils.js:391:28)
    at new Promise (&lt;anonymous&gt;)
    at callAsyncCircusFn (/Users/emiliopostigo/roastr-ai/frontend/node_modules/jest-circus/build/utils.js:316:10)
    at _callCircusTest (/Users/emiliopostigo/roastr-ai/frontend/node_modules/jest-circus/build/run.js:218:40)
    at processTicksAndRejections (node:internal/process/task_queues:105:5)
    at _runTest (/Users/emiliopostigo/roastr-ai/frontend/node_modules/jest-circus/build/run.js:155:3)
    at _runTestsForDescribeBlock (/Users/emiliopostigo/roastr-ai/frontend/node_modules/jest-circus/build/run.js:66:9)
    at _runTestsForDescribeBlock (/Users/emiliopostigo/roastr-ai/frontend/node_modules/jest-circus/build/run.js:60:9)
    at run (/Users/emiliopostigo/roastr-ai/frontend/node_modules/jest-circus/build/run.js:25:3)
    at runAndTransformResultsToJestFormat (/Users/emiliopostigo/roastr-ai/frontend/node_modules/jest-circus/build/legacy-code-todo-rewrite/jestAdapterInit.js:170:21)
    at jestAdapter (/Users/emiliopostigo/roastr-ai/frontend/node_modules/jest-circus/build/legacy-code-todo-rewrite/jestAdapter.js:82:19)
    at runTestInternal (/Users/emiliopostigo/roastr-ai/frontend/node_modules/jest-runner/build/runTest.js:389:16)
    at runTest (/Users/emiliopostigo/roastr-ai/frontend/node_modules/jest-runner/build/runTest.js:475:34)
    at Object.worker (/Users/emiliopostigo/roastr-ai/frontend/node_modules/jest-runner/build/testWorker.js:133:12)</failure>
    </testcase>
    <testcase classname="PlanStatusCard renders user data after successful API call" name="PlanStatusCard renders user data after successful API call" time="1.006">
      <failure>Error: Unable to find an element with the text: 150. This could be because the text is broken up by multiple elements. In this case, you can provide a function for your text matcher to make your matcher more flexible.

Ignored nodes: comments, script, style
&lt;body&gt;
  &lt;div&gt;
    &lt;div
      class=&quot;rounded-2xl border bg-card text-card-foreground shadow-sm&quot;
    &gt;
      &lt;div
        class=&quot;flex flex-col space-y-1.5 p-6 pb-3&quot;
      &gt;
        &lt;h3
          class=&quot;text-2xl font-semibold leading-none tracking-tight flex items-center justify-between&quot;
        &gt;
          &lt;div
            class=&quot;flex items-center gap-2&quot;
          &gt;
            Plan Status
            &lt;div
              class=&quot; hidden sm:block&quot;
            &gt;
              &lt;div
                class=&quot;inline-flex items-center rounded-full border font-semibold transition-colors focus:outline-none focus:ring-2 focus:ring-ring focus:ring-offset-2 bg-blue-50 text-blue-600 border-blue-200 hover:bg-blue-100 text-xs px-1.5 py-0.5&quot;
                title=&quot;Using mock data - no external APIs required&quot;
              &gt;
                Mock data
              &lt;/div&gt;
            &lt;/div&gt;
          &lt;/div&gt;
          &lt;div
            class=&quot;inline-flex items-center rounded-full border px-2.5 py-0.5 text-xs font-semibold transition-colors focus:outline-none focus:ring-2 focus:ring-ring focus:ring-offset-2 border-transparent bg-secondary text-secondary-foreground hover:bg-secondary/80&quot;
          &gt;
            Pro
          &lt;/div&gt;
        &lt;/h3&gt;
      &lt;/div&gt;
      &lt;div
        class=&quot;p-6 pt-0&quot;
      &gt;
        &lt;div
          class=&quot;flex items-center space-x-3 mb-4&quot;
        &gt;
          &lt;div
            class=&quot;p-2 bg-primary/10 rounded-lg&quot;
          &gt;
            &lt;div
              class=&quot;h-6 w-6 text-primary&quot;
              data-testid=&quot;mock-icon&quot;
            /&gt;
          &lt;/div&gt;
          &lt;div&gt;
            &lt;div
              class=&quot;font-medium&quot;
            &gt;
              Roastr User
            &lt;/div&gt;
            &lt;div
              class=&quot;text-sm text-muted-foreground&quot;
            /&gt;
          &lt;/div&gt;
        &lt;/div&gt;
        &lt;div
          class=&quot;space-y-3&quot;
        &gt;
          &lt;div
            class=&quot;flex justify-between text-sm&quot;
          &gt;
            &lt;span
              class=&quot;text-muted-foreground&quot;
            &gt;
              Usage this month
            &lt;/span&gt;
            &lt;span
              class=&quot;font-medium&quot;
            &gt;
              0
               / 
              1000
               calls
            &lt;/span&gt;
          &lt;/div&gt;
          &lt;div
            class=&quot;w-full bg-muted rounded-full h-2&quot;
          &gt;
            &lt;div
              class=&quot;bg-primary h-2 rounded-full transition-all&quot;
              style=&quot;width: 0%;&quot;
            /&gt;
          &lt;/div&gt;
          &lt;div
            class=&quot;pt-2 border-t&quot;
          &gt;
            &lt;div
              class=&quot;text-xs text-muted-foreground mb-2&quot;
            &gt;
              Features included:
            &lt;/div&gt;
            &lt;div
              class=&quot;space-y-1&quot;
            &gt;
              &lt;div
                class=&quot;flex items-center text-xs&quot;
              &gt;
                &lt;div
                  class=&quot;w-1 h-1 bg-primary rounded-full mr-2&quot;
                /&gt;
                Advanced moderation
              &lt;/div&gt;
              &lt;div
                class=&quot;flex items-center text-xs&quot;
              &gt;
                &lt;div
                  class=&quot;w-1 h-1 bg-primary rounded-full mr-2&quot;
                /&gt;
                Priority support
              &lt;/div&gt;
            &lt;/div&gt;
          &lt;/div&gt;
        &lt;/div&gt;
      &lt;/div&gt;
    &lt;/div&gt;
  &lt;/div&gt;
&lt;/body&gt;
    at waitForWrapper (/Users/emiliopostigo/roastr-ai/frontend/node_modules/@testing-library/dom/dist/wait-for.js:163:27)
    at Object.&lt;anonymous&gt; (/Users/emiliopostigo/roastr-ai/frontend/src/components/widgets/__tests__/PlanStatusCard.test.jsx:44:18)
    at Promise.then.completed (/Users/emiliopostigo/roastr-ai/frontend/node_modules/jest-circus/build/utils.js:391:28)
    at new Promise (&lt;anonymous&gt;)
    at callAsyncCircusFn (/Users/emiliopostigo/roastr-ai/frontend/node_modules/jest-circus/build/utils.js:316:10)
    at _callCircusTest (/Users/emiliopostigo/roastr-ai/frontend/node_modules/jest-circus/build/run.js:218:40)
    at processTicksAndRejections (node:internal/process/task_queues:105:5)
    at _runTest (/Users/emiliopostigo/roastr-ai/frontend/node_modules/jest-circus/build/run.js:155:3)
    at _runTestsForDescribeBlock (/Users/emiliopostigo/roastr-ai/frontend/node_modules/jest-circus/build/run.js:66:9)
    at _runTestsForDescribeBlock (/Users/emiliopostigo/roastr-ai/frontend/node_modules/jest-circus/build/run.js:60:9)
    at run (/Users/emiliopostigo/roastr-ai/frontend/node_modules/jest-circus/build/run.js:25:3)
    at runAndTransformResultsToJestFormat (/Users/emiliopostigo/roastr-ai/frontend/node_modules/jest-circus/build/legacy-code-todo-rewrite/jestAdapterInit.js:170:21)
    at jestAdapter (/Users/emiliopostigo/roastr-ai/frontend/node_modules/jest-circus/build/legacy-code-todo-rewrite/jestAdapter.js:82:19)
    at runTestInternal (/Users/emiliopostigo/roastr-ai/frontend/node_modules/jest-runner/build/runTest.js:389:16)
    at runTest (/Users/emiliopostigo/roastr-ai/frontend/node_modules/jest-runner/build/runTest.js:475:34)
    at Object.worker (/Users/emiliopostigo/roastr-ai/frontend/node_modules/jest-runner/build/testWorker.js:133:12)</failure>
    </testcase>
    <testcase classname="PlanStatusCard renders empty state when API call fails" name="PlanStatusCard renders empty state when API call fails" time="1.006">
      <failure>Error: Unable to find an element with the text: 0. This could be because the text is broken up by multiple elements. In this case, you can provide a function for your text matcher to make your matcher more flexible.

Ignored nodes: comments, script, style
&lt;body&gt;
  &lt;div&gt;
    &lt;div
      class=&quot;rounded-2xl border bg-card text-card-foreground shadow-sm&quot;
    &gt;
      &lt;div
        class=&quot;flex flex-col space-y-1.5 p-6 pb-3&quot;
      &gt;
        &lt;h3
          class=&quot;text-2xl font-semibold leading-none tracking-tight flex items-center justify-between&quot;
        &gt;
          &lt;div
            class=&quot;flex items-center gap-2&quot;
          &gt;
            Plan Status
            &lt;div
              class=&quot; hidden sm:block&quot;
            &gt;
              &lt;div
                class=&quot;inline-flex items-center rounded-full border font-semibold transition-colors focus:outline-none focus:ring-2 focus:ring-ring focus:ring-offset-2 bg-blue-50 text-blue-600 border-blue-200 hover:bg-blue-100 text-xs px-1.5 py-0.5&quot;
                title=&quot;Using mock data - no external APIs required&quot;
              &gt;
                Mock data
              &lt;/div&gt;
            &lt;/div&gt;
          &lt;/div&gt;
          &lt;div
            class=&quot;inline-flex items-center rounded-full border px-2.5 py-0.5 text-xs font-semibold transition-colors focus:outline-none focus:ring-2 focus:ring-ring focus:ring-offset-2 text-foreground&quot;
          &gt;
            Free
          &lt;/div&gt;
        &lt;/h3&gt;
      &lt;/div&gt;
      &lt;div
        class=&quot;p-6 pt-0&quot;
      &gt;
        &lt;div
          class=&quot;flex items-center space-x-3 mb-4&quot;
        &gt;
          &lt;div
            class=&quot;p-2 bg-primary/10 rounded-lg&quot;
          &gt;
            &lt;div
              class=&quot;h-6 w-6 text-primary&quot;
              data-testid=&quot;mock-icon&quot;
            /&gt;
          &lt;/div&gt;
          &lt;div&gt;
            &lt;div
              class=&quot;font-medium&quot;
            &gt;
              Roastr User
            &lt;/div&gt;
            &lt;div
              class=&quot;text-sm text-muted-foreground&quot;
            /&gt;
          &lt;/div&gt;
        &lt;/div&gt;
        &lt;div
          class=&quot;space-y-3&quot;
        &gt;
          &lt;div
            class=&quot;flex justify-between text-sm&quot;
          &gt;
            &lt;span
              class=&quot;text-muted-foreground&quot;
            &gt;
              Usage this month
            &lt;/span&gt;
            &lt;span
              class=&quot;font-medium&quot;
            &gt;
              0
               / 
              1000
               calls
            &lt;/span&gt;
          &lt;/div&gt;
          &lt;div
            class=&quot;w-full bg-muted rounded-full h-2&quot;
          &gt;
            &lt;div
              class=&quot;bg-primary h-2 rounded-full transition-all&quot;
              style=&quot;width: 0%;&quot;
            /&gt;
          &lt;/div&gt;
          &lt;div
            class=&quot;pt-2 border-t&quot;
          &gt;
            &lt;div
              class=&quot;text-xs text-muted-foreground mb-2&quot;
            &gt;
              Features included:
            &lt;/div&gt;
            &lt;div
              class=&quot;space-y-1&quot;
            &gt;
              &lt;div
                class=&quot;flex items-center text-xs&quot;
              &gt;
                &lt;div
                  class=&quot;w-1 h-1 bg-primary rounded-full mr-2&quot;
                /&gt;
                Basic roasts
              &lt;/div&gt;
              &lt;div
                class=&quot;flex items-center text-xs&quot;
              &gt;
                &lt;div
                  class=&quot;w-1 h-1 bg-primary rounded-full mr-2&quot;
                /&gt;
                CSV export
              &lt;/div&gt;
            &lt;/div&gt;
          &lt;/div&gt;
        &lt;/div&gt;
      &lt;/div&gt;
    &lt;/div&gt;
  &lt;/div&gt;
&lt;/body&gt;
    at waitForWrapper (/Users/emiliopostigo/roastr-ai/frontend/node_modules/@testing-library/dom/dist/wait-for.js:163:27)
    at Object.&lt;anonymous&gt; (/Users/emiliopostigo/roastr-ai/frontend/src/components/widgets/__tests__/PlanStatusCard.test.jsx:57:18)
    at Promise.then.completed (/Users/emiliopostigo/roastr-ai/frontend/node_modules/jest-circus/build/utils.js:391:28)
    at new Promise (&lt;anonymous&gt;)
    at callAsyncCircusFn (/Users/emiliopostigo/roastr-ai/frontend/node_modules/jest-circus/build/utils.js:316:10)
    at _callCircusTest (/Users/emiliopostigo/roastr-ai/frontend/node_modules/jest-circus/build/run.js:218:40)
    at _runTest (/Users/emiliopostigo/roastr-ai/frontend/node_modules/jest-circus/build/run.js:155:3)
    at _runTestsForDescribeBlock (/Users/emiliopostigo/roastr-ai/frontend/node_modules/jest-circus/build/run.js:66:9)
    at _runTestsForDescribeBlock (/Users/emiliopostigo/roastr-ai/frontend/node_modules/jest-circus/build/run.js:60:9)
    at run (/Users/emiliopostigo/roastr-ai/frontend/node_modules/jest-circus/build/run.js:25:3)
    at runAndTransformResultsToJestFormat (/Users/emiliopostigo/roastr-ai/frontend/node_modules/jest-circus/build/legacy-code-todo-rewrite/jestAdapterInit.js:170:21)
    at jestAdapter (/Users/emiliopostigo/roastr-ai/frontend/node_modules/jest-circus/build/legacy-code-todo-rewrite/jestAdapter.js:82:19)
    at runTestInternal (/Users/emiliopostigo/roastr-ai/frontend/node_modules/jest-runner/build/runTest.js:389:16)
    at runTest (/Users/emiliopostigo/roastr-ai/frontend/node_modules/jest-runner/build/runTest.js:475:34)
    at Object.worker (/Users/emiliopostigo/roastr-ai/frontend/node_modules/jest-runner/build/testWorker.js:133:12)</failure>
    </testcase>
    <testcase classname="PlanStatusCard displays correct features based on plan" name="PlanStatusCard displays correct features based on plan" time="1.01">
      <failure>Error: Unable to find an element with the text: Enterprise. This could be because the text is broken up by multiple elements. In this case, you can provide a function for your text matcher to make your matcher more flexible.

Ignored nodes: comments, script, style
&lt;body&gt;
  &lt;div&gt;
    &lt;div
      class=&quot;rounded-2xl border bg-card text-card-foreground shadow-sm&quot;
    &gt;
      &lt;div
        class=&quot;flex flex-col space-y-1.5 p-6 pb-3&quot;
      &gt;
        &lt;h3
          class=&quot;text-2xl font-semibold leading-none tracking-tight flex items-center justify-between&quot;
        &gt;
          &lt;div
            class=&quot;flex items-center gap-2&quot;
          &gt;
            Plan Status
            &lt;div
              class=&quot; hidden sm:block&quot;
            &gt;
              &lt;div
                class=&quot;inline-flex items-center rounded-full border font-semibold transition-colors focus:outline-none focus:ring-2 focus:ring-ring focus:ring-offset-2 bg-blue-50 text-blue-600 border-blue-200 hover:bg-blue-100 text-xs px-1.5 py-0.5&quot;
                title=&quot;Using mock data - no external APIs required&quot;
              &gt;
                Mock data
              &lt;/div&gt;
            &lt;/div&gt;
          &lt;/div&gt;
          &lt;div
            class=&quot;inline-flex items-center rounded-full border px-2.5 py-0.5 text-xs font-semibold transition-colors focus:outline-none focus:ring-2 focus:ring-ring focus:ring-offset-2 text-foreground&quot;
          &gt;
            Free
          &lt;/div&gt;
        &lt;/h3&gt;
      &lt;/div&gt;
      &lt;div
        class=&quot;p-6 pt-0&quot;
      &gt;
        &lt;div
          class=&quot;flex items-center space-x-3 mb-4&quot;
        &gt;
          &lt;div
            class=&quot;p-2 bg-primary/10 rounded-lg&quot;
          &gt;
            &lt;div
              class=&quot;h-6 w-6 text-primary&quot;
              data-testid=&quot;mock-icon&quot;
            /&gt;
          &lt;/div&gt;
          &lt;div&gt;
            &lt;div
              class=&quot;font-medium&quot;
            &gt;
              Roastr User
            &lt;/div&gt;
            &lt;div
              class=&quot;text-sm text-muted-foreground&quot;
            /&gt;
          &lt;/div&gt;
        &lt;/div&gt;
        &lt;div
          class=&quot;space-y-3&quot;
        &gt;
          &lt;div
            class=&quot;flex justify-between text-sm&quot;
          &gt;
            &lt;span
              class=&quot;text-muted-foreground&quot;
            &gt;
              Usage this month
            &lt;/span&gt;
            &lt;span
              class=&quot;font-medium&quot;
            &gt;
              0
               / 
              1000
               calls
            &lt;/span&gt;
          &lt;/div&gt;
          &lt;div
            class=&quot;w-full bg-muted rounded-full h-2&quot;
          &gt;
            &lt;div
              class=&quot;bg-primary h-2 rounded-full transition-all&quot;
              style=&quot;width: 0%;&quot;
            /&gt;
          &lt;/div&gt;
          &lt;div
            class=&quot;pt-2 border-t&quot;
          &gt;
            &lt;div
              class=&quot;text-xs text-muted-foreground mb-2&quot;
            &gt;
              Features included:
            &lt;/div&gt;
            &lt;div
              class=&quot;space-y-1&quot;
            &gt;
              &lt;div
                class=&quot;flex items-center text-xs&quot;
              &gt;
                &lt;div
                  class=&quot;w-1 h-1 bg-primary rounded-full mr-2&quot;
                /&gt;
                Basic roasts
              &lt;/div&gt;
              &lt;div
                class=&quot;flex items-center text-xs&quot;
              &gt;
                &lt;div
                  class=&quot;w-1 h-1 bg-primary rounded-full mr-2&quot;
                /&gt;
                CSV export
              &lt;/div&gt;
            &lt;/div&gt;
          &lt;/div&gt;
        &lt;/div&gt;
      &lt;/div&gt;
    &lt;/div&gt;
  &lt;/div&gt;
&lt;/body&gt;
    at waitForWrapper (/Users/emiliopostigo/roastr-ai/frontend/node_modules/@testing-library/dom/dist/wait-for.js:163:27)
    at Object.&lt;anonymous&gt; (/Users/emiliopostigo/roastr-ai/frontend/src/components/widgets/__tests__/PlanStatusCard.test.jsx:82:18)
    at Promise.then.completed (/Users/emiliopostigo/roastr-ai/frontend/node_modules/jest-circus/build/utils.js:391:28)
    at new Promise (&lt;anonymous&gt;)
    at callAsyncCircusFn (/Users/emiliopostigo/roastr-ai/frontend/node_modules/jest-circus/build/utils.js:316:10)
    at _callCircusTest (/Users/emiliopostigo/roastr-ai/frontend/node_modules/jest-circus/build/run.js:218:40)
    at _runTest (/Users/emiliopostigo/roastr-ai/frontend/node_modules/jest-circus/build/run.js:155:3)
    at _runTestsForDescribeBlock (/Users/emiliopostigo/roastr-ai/frontend/node_modules/jest-circus/build/run.js:66:9)
    at _runTestsForDescribeBlock (/Users/emiliopostigo/roastr-ai/frontend/node_modules/jest-circus/build/run.js:60:9)
    at run (/Users/emiliopostigo/roastr-ai/frontend/node_modules/jest-circus/build/run.js:25:3)
    at runAndTransformResultsToJestFormat (/Users/emiliopostigo/roastr-ai/frontend/node_modules/jest-circus/build/legacy-code-todo-rewrite/jestAdapterInit.js:170:21)
    at jestAdapter (/Users/emiliopostigo/roastr-ai/frontend/node_modules/jest-circus/build/legacy-code-todo-rewrite/jestAdapter.js:82:19)
    at runTestInternal (/Users/emiliopostigo/roastr-ai/frontend/node_modules/jest-runner/build/runTest.js:389:16)
    at runTest (/Users/emiliopostigo/roastr-ai/frontend/node_modules/jest-runner/build/runTest.js:475:34)
    at Object.worker (/Users/emiliopostigo/roastr-ai/frontend/node_modules/jest-runner/build/testWorker.js:133:12)</failure>
    </testcase>
    <testcase classname="PlanStatusCard calls user API endpoint on mount" name="PlanStatusCard calls user API endpoint on mount" time="0.012">
      <failure>Error: expect(jest.fn()).toHaveBeenCalledTimes(expected)

Expected number of calls: 1
Received number of calls: 2
    at Object.&lt;anonymous&gt; (/Users/emiliopostigo/roastr-ai/frontend/src/components/widgets/__tests__/PlanStatusCard.test.jsx:99:19)
    at Promise.then.completed (/Users/emiliopostigo/roastr-ai/frontend/node_modules/jest-circus/build/utils.js:391:28)
    at new Promise (&lt;anonymous&gt;)
    at callAsyncCircusFn (/Users/emiliopostigo/roastr-ai/frontend/node_modules/jest-circus/build/utils.js:316:10)
    at _callCircusTest (/Users/emiliopostigo/roastr-ai/frontend/node_modules/jest-circus/build/run.js:218:40)
    at _runTest (/Users/emiliopostigo/roastr-ai/frontend/node_modules/jest-circus/build/run.js:155:3)
    at _runTestsForDescribeBlock (/Users/emiliopostigo/roastr-ai/frontend/node_modules/jest-circus/build/run.js:66:9)
    at _runTestsForDescribeBlock (/Users/emiliopostigo/roastr-ai/frontend/node_modules/jest-circus/build/run.js:60:9)
    at run (/Users/emiliopostigo/roastr-ai/frontend/node_modules/jest-circus/build/run.js:25:3)
    at runAndTransformResultsToJestFormat (/Users/emiliopostigo/roastr-ai/frontend/node_modules/jest-circus/build/legacy-code-todo-rewrite/jestAdapterInit.js:170:21)
    at jestAdapter (/Users/emiliopostigo/roastr-ai/frontend/node_modules/jest-circus/build/legacy-code-todo-rewrite/jestAdapter.js:82:19)
    at runTestInternal (/Users/emiliopostigo/roastr-ai/frontend/node_modules/jest-runner/build/runTest.js:389:16)
    at runTest (/Users/emiliopostigo/roastr-ai/frontend/node_modules/jest-runner/build/runTest.js:475:34)
    at Object.worker (/Users/emiliopostigo/roastr-ai/frontend/node_modules/jest-runner/build/testWorker.js:133:12)</failure>
    </testcase>
  </testsuite>
  <testsuite name="HealthFlagsCard" errors="0" failures="3" skipped="0" timestamp="2025-08-10T06:35:51" time="3.98" tests="9">
    <testcase classname="HealthFlagsCard renders loading state initially" name="HealthFlagsCard renders loading state initially" time="0.03">
    </testcase>
    <testcase classname="HealthFlagsCard renders health data after successful API call" name="HealthFlagsCard renders health data after successful API call" time="1.024">
      <failure>Error: expect(received).toHaveLength(expected)

Expected length: 1
Received length: 2
Received array:  [&lt;div class=&quot;inline-flex items-center rounded-full border px-2.5 py-0.5 font-semibold transition-colors focus:outline-none focus:ring-2 focus:ring-ring focus:ring-offset-2 border-transparent bg-green-500 text-white hover:bg-green-600 text-xs&quot;&gt;ok&lt;/div&gt;, &lt;div class=&quot;inline-flex items-center rounded-full border px-2.5 py-0.5 font-semibold transition-colors focus:outline-none focus:ring-2 focus:ring-ring focus:ring-offset-2 border-transparent bg-green-500 text-white hover:bg-green-600 text-xs&quot;&gt;ok&lt;/div&gt;]

Ignored nodes: comments, script, style
&lt;html&gt;
  &lt;head /&gt;
  &lt;body&gt;
    &lt;div&gt;
      &lt;div
        class=&quot;rounded-2xl border bg-card text-card-foreground shadow-sm&quot;
      &gt;
        &lt;div
          class=&quot;flex flex-col space-y-1.5 p-6 pb-3&quot;
        &gt;
          &lt;h3
            class=&quot;text-2xl font-semibold leading-none tracking-tight flex items-center justify-between&quot;
          &gt;
            &lt;div
              class=&quot;flex items-center space-x-2&quot;
            &gt;
              &lt;div
                class=&quot;h-5 w-5&quot;
                data-testid=&quot;mock-icon&quot;
              /&gt;
              &lt;span&gt;
                System Health
              &lt;/span&gt;
            &lt;/div&gt;
            &lt;div
              class=&quot; hidden sm:block&quot;
            &gt;
              &lt;div
                class=&quot;inline-flex items-center rounded-full border font-semibold transition-colors focus:outline-none focus:ring-2 focus:ring-ring focus:ring-offset-2 bg-blue-50 text-blue-600 border-blue-200 hover:bg-blue-100 text-xs px-1.5 py-0.5&quot;
                title=&quot;Using mock data - no external APIs required&quot;
              &gt;
                Mock data
              &lt;/div&gt;
            &lt;/div&gt;
          &lt;/h3&gt;
        &lt;/div&gt;
        &lt;div
          class=&quot;p-6 pt-0&quot;
        &gt;
          &lt;div
            class=&quot;space-y-4&quot;
          &gt;
            &lt;div&gt;
              &lt;div
                class=&quot;text-xs font-medium text-muted-foreground mb-2 uppercase tracking-wider&quot;
              &gt;
                Services
              &lt;/div&gt;
              &lt;div
                class=&quot;space-y-2&quot;
              &gt;
                &lt;div
                  class=&quot;flex items-center justify-between&quot;
                &gt;
                  &lt;div
                    class=&quot;flex items-center space-x-2&quot;
                  &gt;
                    &lt;div
                      class=&quot;h-4 w-4 text-green-500&quot;
                      data-testid=&quot;mock-icon&quot;
                    /&gt;
                    &lt;span
                      class=&quot;text-sm capitalize&quot;
                    &gt;
                      api
                    &lt;/span&gt;
                  &lt;/div&gt;
                  &lt;div
                    class=&quot;inline-flex items-center rounded-full border px-2.5 py-0.5 font-semibold transition-colors focus:outline-none focus:ring-2 focus:ring-ring focus:ring-offset-2 border-transparent bg-green-500 text-white hover:bg-green-600 text-xs&quot;
                  &gt;
                    ok
                  &lt;/div&gt;
                &lt;/div&gt;
                &lt;div
                  class=&quot;flex items-center justify-between&quot;
                &gt;
                  &lt;div
                    class=&quot;flex items-center space-x-2&quot;
                  &gt;
                    &lt;div
                      class=&quot;h-4 w-4 text-yellow-500&quot;
                      data-testid=&quot;mock-icon&quot;
                    /&gt;
                    &lt;span
                      class=&quot;text-sm capitalize&quot;
                    &gt;
                      billing
                    &lt;/span&gt;
                  &lt;/div&gt;
                  &lt;div
                    class=&quot;inline-flex items-center rounded-full border px-2.5 py-0.5 font-semibold transition-colors focus:outline-none focus:ring-2 focus:ring-ring focus:ring-offset-2 border-transparent bg-yellow-500 text-white hover:bg-yellow-600 text-xs&quot;
                  &gt;
                    degraded
                  &lt;/div&gt;
                &lt;/div&gt;
                &lt;div
                  class=&quot;flex items-center justify-between&quot;
                &gt;
                  &lt;div
                    class=&quot;flex items-center space-x-2&quot;
                  &gt;
                    &lt;div
                      class=&quot;h-4 w-4 text-yellow-500&quot;
                      data-testid=&quot;mock-icon&quot;
                    /&gt;
                    &lt;span
                      class=&quot;text-sm capitalize&quot;
                    &gt;
                      ai
                    &lt;/span&gt;
                  &lt;/div&gt;
                  &lt;div
                    class=&quot;inline-flex items-center rounded-full border px-2.5 py-0.5 font-semibold transition-colors focus:outline-none focus:ring-2 focus:ring-ring focus:ring-offset-2 border-transparent bg-yellow-500 text-white hover:bg-yellow-600 text-xs&quot;
                  &gt;
                    degraded
                  &lt;/div&gt;
                &lt;/div&gt;
                &lt;div
                  class=&quot;flex items-center justify-between&quot;
                &gt;
                  &lt;div
                    class=&quot;flex items-center space-x-2&quot;
                  &gt;
                    &lt;div
                      class=&quot;h-4 w-4 text-green-500&quot;
                      data-testid=&quot;mock-icon&quot;
                    /&gt;
                    &lt;span
                      class=&quot;text-sm capitalize&quot;
                    &gt;
                      db
                    &lt;/span&gt;
                  &lt;/div&gt;
                  &lt;div
                    class=&quot;inline-flex items-center rounded-full border px-2.5 py-0.5 font-semibold transition-colors focus:outline-none focus:ring-2 focus:ring-ring focus:ring-offset-2 border-transparent bg-green-500 text-white hover:bg-green-600 text-xs&quot;
                  &gt;
                    ok
                  &lt;/div&gt;
                &lt;/div&gt;
              &lt;/div&gt;
            &lt;/div&gt;
            &lt;div
              class=&quot;pt-3 border-t&quot;
            &gt;
              &lt;div
                class=&quot;text-xs font-medium text-muted-foreground mb-2 uppercase tracking-wider&quot;
              &gt;
                Features
              &lt;/div&gt;
              &lt;div
                class=&quot;space-y-2&quot;
              &gt;
                &lt;div
                  class=&quot;flex items-center justify-between&quot;
                &gt;
                  &lt;span
                    class=&quot;text-sm&quot;
                  &gt;
                    RQC System
                  &lt;/span&gt;
                  &lt;div
                    class=&quot;inline-flex items-center rounded-full border px-2.5 py-0.5 font-semibold transition-colors focus:outline-none focus:ring-2 focus:ring-ring focus:ring-offset-2 border-transparent bg-green-500 text-white hover:bg-green-600 text-xs&quot;
                  &gt;
                    Enabled
                  &lt;/div&gt;
                &lt;/div&gt;
                &lt;div
                  class=&quot;flex items-center justify-between&quot;
                &gt;
                  &lt;span
                    class=&quot;text-sm&quot;
                  &gt;
                    Shield Protection
                  &lt;/span&gt;
                  &lt;div
                    class=&quot;inline-flex items-center rounded-full border px-2.5 py-0.5 font-semibold transition-colors focus:outline-none focus:ring-2 focus:ring-ring focus:ring-offset-2 text-foreground text-xs&quot;
                  &gt;
                    Inactive
                  &lt;/div&gt;
                &lt;/div&gt;
                &lt;div
                  class=&quot;flex items-center justify-between&quot;
                &gt;
                  &lt;span
                    class=&quot;text-sm&quot;
                  &gt;
                    Mock Mode
                  &lt;/span&gt;
                  &lt;div
                    class=&quot;inline-flex items-center rounded-full border px-2.5 py-0.5 font-semibold transition-colors focus:outline-none focus:ring-2 focus:ring-ring focus:ring-offset-2 border-transparent bg-yellow-500 text-white hover:bg-yellow-600 text-xs&quot;
                  &gt;
                    Active
                  &lt;/div&gt;
                &lt;/div&gt;
              &lt;/div&gt;
            &lt;/div&gt;
            &lt;div
              class=&quot;pt-2 text-xs text-muted-foreground text-center&quot;
            &gt;
              Last updated: 
              13:00:00
            &lt;/div&gt;
          &lt;/div&gt;
        &lt;/div&gt;
      &lt;/div&gt;
    &lt;/div&gt;
  &lt;/body&gt;
&lt;/html&gt;
    at /Users/emiliopostigo/roastr-ai/frontend/src/components/widgets/__tests__/HealthFlagsCard.test.jsx:63:41
    at runWithExpensiveErrorDiagnosticsDisabled (/Users/emiliopostigo/roastr-ai/frontend/node_modules/@testing-library/dom/dist/config.js:47:12)
    at checkCallback (/Users/emiliopostigo/roastr-ai/frontend/node_modules/@testing-library/dom/dist/wait-for.js:124:77)
    at checkRealTimersCallback (/Users/emiliopostigo/roastr-ai/frontend/node_modules/@testing-library/dom/dist/wait-for.js:118:16)
    at Timeout.task [as _onTimeout] (/Users/emiliopostigo/roastr-ai/frontend/node_modules/jsdom/lib/jsdom/browser/Window.js:516:19)
    at listOnTimeout (node:internal/timers:588:17)
    at processTimers (node:internal/timers:523:7)</failure>
    </testcase>
    <testcase classname="HealthFlagsCard renders feature flags correctly" name="HealthFlagsCard renders feature flags correctly" time="1.007">
      <failure>Error: Unable to find an element with the text: rqc. This could be because the text is broken up by multiple elements. In this case, you can provide a function for your text matcher to make your matcher more flexible.

Ignored nodes: comments, script, style
&lt;body&gt;
  &lt;div&gt;
    &lt;div
      class=&quot;rounded-2xl border bg-card text-card-foreground shadow-sm&quot;
    &gt;
      &lt;div
        class=&quot;flex flex-col space-y-1.5 p-6 pb-3&quot;
      &gt;
        &lt;h3
          class=&quot;text-2xl font-semibold leading-none tracking-tight flex items-center justify-between&quot;
        &gt;
          &lt;div
            class=&quot;flex items-center space-x-2&quot;
          &gt;
            &lt;div
              class=&quot;h-5 w-5&quot;
              data-testid=&quot;mock-icon&quot;
            /&gt;
            &lt;span&gt;
              System Health
            &lt;/span&gt;
          &lt;/div&gt;
          &lt;div
            class=&quot; hidden sm:block&quot;
          &gt;
            &lt;div
              class=&quot;inline-flex items-center rounded-full border font-semibold transition-colors focus:outline-none focus:ring-2 focus:ring-ring focus:ring-offset-2 bg-blue-50 text-blue-600 border-blue-200 hover:bg-blue-100 text-xs px-1.5 py-0.5&quot;
              title=&quot;Using mock data - no external APIs required&quot;
            &gt;
              Mock data
            &lt;/div&gt;
          &lt;/div&gt;
        &lt;/h3&gt;
      &lt;/div&gt;
      &lt;div
        class=&quot;p-6 pt-0&quot;
      &gt;
        &lt;div
          class=&quot;space-y-4&quot;
        &gt;
          &lt;div&gt;
            &lt;div
              class=&quot;text-xs font-medium text-muted-foreground mb-2 uppercase tracking-wider&quot;
            &gt;
              Services
            &lt;/div&gt;
            &lt;div
              class=&quot;space-y-2&quot;
            /&gt;
          &lt;/div&gt;
          &lt;div
            class=&quot;pt-3 border-t&quot;
          &gt;
            &lt;div
              class=&quot;text-xs font-medium text-muted-foreground mb-2 uppercase tracking-wider&quot;
            &gt;
              Features
            &lt;/div&gt;
            &lt;div
              class=&quot;space-y-2&quot;
            &gt;
              &lt;div
                class=&quot;flex items-center justify-between&quot;
              &gt;
                &lt;span
                  class=&quot;text-sm&quot;
                &gt;
                  RQC System
                &lt;/span&gt;
                &lt;div
                  class=&quot;inline-flex items-center rounded-full border px-2.5 py-0.5 font-semibold transition-colors focus:outline-none focus:ring-2 focus:ring-ring focus:ring-offset-2 border-transparent bg-green-500 text-white hover:bg-green-600 text-xs&quot;
                &gt;
                  Enabled
                &lt;/div&gt;
              &lt;/div&gt;
              &lt;div
                class=&quot;flex items-center justify-between&quot;
              &gt;
                &lt;span
                  class=&quot;text-sm&quot;
                &gt;
                  Shield Protection
                &lt;/span&gt;
                &lt;div
                  class=&quot;inline-flex items-center rounded-full border px-2.5 py-0.5 font-semibold transition-colors focus:outline-none focus:ring-2 focus:ring-ring focus:ring-offset-2 text-foreground text-xs&quot;
                &gt;
                  Inactive
                &lt;/div&gt;
              &lt;/div&gt;
              &lt;div
                class=&quot;flex items-center justify-between&quot;
              &gt;
                &lt;span
                  class=&quot;text-sm&quot;
                &gt;
                  Mock Mode
                &lt;/span&gt;
                &lt;div
                  class=&quot;inline-flex items-center rounded-full border px-2.5 py-0.5 font-semibold transition-colors focus:outline-none focus:ring-2 focus:ring-ring focus:ring-offset-2 border-transparent bg-yellow-500 text-white hover:bg-yellow-600 text-xs&quot;
                &gt;
                  Active
                &lt;/div&gt;
              &lt;/div&gt;
            &lt;/div&gt;
          &lt;/div&gt;
          &lt;div
            class=&quot;pt-2 text-xs text-muted-foreground text-center&quot;
          &gt;
            Last updated: 
            Unknown
          &lt;/div&gt;
        &lt;/div&gt;
      &lt;/div&gt;
    &lt;/div&gt;
  &lt;/div&gt;
&lt;/body&gt;
    at waitForWrapper (/Users/emiliopostigo/roastr-ai/frontend/node_modules/@testing-library/dom/dist/wait-for.js:163:27)
    at Object.&lt;anonymous&gt; (/Users/emiliopostigo/roastr-ai/frontend/src/components/widgets/__tests__/HealthFlagsCard.test.jsx:86:18)
    at Promise.then.completed (/Users/emiliopostigo/roastr-ai/frontend/node_modules/jest-circus/build/utils.js:391:28)
    at new Promise (&lt;anonymous&gt;)
    at callAsyncCircusFn (/Users/emiliopostigo/roastr-ai/frontend/node_modules/jest-circus/build/utils.js:316:10)
    at _callCircusTest (/Users/emiliopostigo/roastr-ai/frontend/node_modules/jest-circus/build/run.js:218:40)
    at _runTest (/Users/emiliopostigo/roastr-ai/frontend/node_modules/jest-circus/build/run.js:155:3)
    at _runTestsForDescribeBlock (/Users/emiliopostigo/roastr-ai/frontend/node_modules/jest-circus/build/run.js:66:9)
    at _runTestsForDescribeBlock (/Users/emiliopostigo/roastr-ai/frontend/node_modules/jest-circus/build/run.js:60:9)
    at run (/Users/emiliopostigo/roastr-ai/frontend/node_modules/jest-circus/build/run.js:25:3)
    at runAndTransformResultsToJestFormat (/Users/emiliopostigo/roastr-ai/frontend/node_modules/jest-circus/build/legacy-code-todo-rewrite/jestAdapterInit.js:170:21)
    at jestAdapter (/Users/emiliopostigo/roastr-ai/frontend/node_modules/jest-circus/build/legacy-code-todo-rewrite/jestAdapter.js:82:19)
    at runTestInternal (/Users/emiliopostigo/roastr-ai/frontend/node_modules/jest-runner/build/runTest.js:389:16)
    at runTest (/Users/emiliopostigo/roastr-ai/frontend/node_modules/jest-runner/build/runTest.js:475:34)
    at Object.worker (/Users/emiliopostigo/roastr-ai/frontend/node_modules/jest-runner/build/testWorker.js:133:12)</failure>
    </testcase>
    <testcase classname="HealthFlagsCard displays correct status variants based on service status" name="HealthFlagsCard displays correct status variants based on service status" time="0.009">
    </testcase>
    <testcase classname="HealthFlagsCard shows timestamp when available" name="HealthFlagsCard shows timestamp when available" time="0.006">
    </testcase>
    <testcase classname="HealthFlagsCard handles missing timestamp gracefully" name="HealthFlagsCard handles missing timestamp gracefully" time="0.007">
    </testcase>
    <testcase classname="HealthFlagsCard refreshes data every 30 seconds" name="HealthFlagsCard refreshes data every 30 seconds" time="1.007">
      <failure>Error: expect(jest.fn()).toHaveBeenCalledTimes(expected)

Expected number of calls: 2
Received number of calls: 1

Ignored nodes: comments, script, style
&lt;html&gt;
  &lt;head /&gt;
  &lt;body&gt;
    &lt;div&gt;
      &lt;div
        class=&quot;rounded-2xl border bg-card text-card-foreground shadow-sm&quot;
      &gt;
        &lt;div
          class=&quot;flex flex-col space-y-1.5 p-6 pb-3&quot;
        &gt;
          &lt;h3
            class=&quot;text-2xl font-semibold leading-none tracking-tight flex items-center justify-between&quot;
          &gt;
            &lt;div
              class=&quot;flex items-center space-x-2&quot;
            &gt;
              &lt;div
                class=&quot;h-5 w-5&quot;
                data-testid=&quot;mock-icon&quot;
              /&gt;
              &lt;span&gt;
                System Health
              &lt;/span&gt;
            &lt;/div&gt;
            &lt;div
              class=&quot; hidden sm:block&quot;
            &gt;
              &lt;div
                class=&quot;inline-flex items-center rounded-full border font-semibold transition-colors focus:outline-none focus:ring-2 focus:ring-ring focus:ring-offset-2 bg-blue-50 text-blue-600 border-blue-200 hover:bg-blue-100 text-xs px-1.5 py-0.5&quot;
                title=&quot;Using mock data - no external APIs required&quot;
              &gt;
                Mock data
              &lt;/div&gt;
            &lt;/div&gt;
          &lt;/h3&gt;
        &lt;/div&gt;
        &lt;div
          class=&quot;p-6 pt-0&quot;
        &gt;
          &lt;div
            class=&quot;space-y-4&quot;
          &gt;
            &lt;div&gt;
              &lt;div
                class=&quot;text-xs font-medium text-muted-foreground mb-2 uppercase tracking-wider&quot;
              &gt;
                Services
              &lt;/div&gt;
              &lt;div
                class=&quot;space-y-2&quot;
              /&gt;
            &lt;/div&gt;
            &lt;div
              class=&quot;pt-3 border-t&quot;
            &gt;
              &lt;div
                class=&quot;text-xs font-medium text-muted-foreground mb-2 uppercase tracking-wider&quot;
              &gt;
                Features
              &lt;/div&gt;
              &lt;div
                class=&quot;space-y-2&quot;
              &gt;
                &lt;div
                  class=&quot;flex items-center justify-between&quot;
                &gt;
                  &lt;span
                    class=&quot;text-sm&quot;
                  &gt;
                    RQC System
                  &lt;/span&gt;
                  &lt;div
                    class=&quot;inline-flex items-center rounded-full border px-2.5 py-0.5 font-semibold transition-colors focus:outline-none focus:ring-2 focus:ring-ring focus:ring-offset-2 text-foreground text-xs&quot;
                  &gt;
                    Disabled
                  &lt;/div&gt;
                &lt;/div&gt;
                &lt;div
                  class=&quot;flex items-center justify-between&quot;
                &gt;
                  &lt;span
                    class=&quot;text-sm&quot;
                  &gt;
                    Shield Protection
                  &lt;/span&gt;
                  &lt;div
                    class=&quot;inline-flex items-center rounded-full border px-2.5 py-0.5 font-semibold transition-colors focus:outline-none focus:ring-2 focus:ring-ring focus:ring-offset-2 text-foreground text-xs&quot;
                  &gt;
                    Inactive
                  &lt;/div&gt;
                &lt;/div&gt;
                &lt;div
                  class=&quot;flex items-center justify-between&quot;
                &gt;
                  &lt;span
                    class=&quot;text-sm&quot;
                  &gt;
                    Mock Mode
                  &lt;/span&gt;
                  &lt;div
                    class=&quot;inline-flex items-center rounded-full border px-2.5 py-0.5 font-semibold transition-colors focus:outline-none focus:ring-2 focus:ring-ring focus:ring-offset-2 text-foreground text-xs&quot;
                  &gt;
                    Inactive
                  &lt;/div&gt;
                &lt;/div&gt;
              &lt;/div&gt;
            &lt;/div&gt;
            &lt;div
              class=&quot;pt-2 text-xs text-muted-foreground text-center&quot;
            &gt;
              Last updated: 
              Unknown
            &lt;/div&gt;
          &lt;/div&gt;
        &lt;/div&gt;
      &lt;/div&gt;
    &lt;/div&gt;
  &lt;/body&gt;
&lt;/html&gt;
    at /Users/emiliopostigo/roastr-ai/frontend/src/components/widgets/__tests__/HealthFlagsCard.test.jsx:173:21
    at runWithExpensiveErrorDiagnosticsDisabled (/Users/emiliopostigo/roastr-ai/frontend/node_modules/@testing-library/dom/dist/config.js:47:12)
    at checkCallback (/Users/emiliopostigo/roastr-ai/frontend/node_modules/@testing-library/dom/dist/wait-for.js:124:77)
    at checkRealTimersCallback (/Users/emiliopostigo/roastr-ai/frontend/node_modules/@testing-library/dom/dist/wait-for.js:118:16)
    at Timeout.task [as _onTimeout] (/Users/emiliopostigo/roastr-ai/frontend/node_modules/jsdom/lib/jsdom/browser/Window.js:516:19)
    at listOnTimeout (node:internal/timers:588:17)
    at processTimers (node:internal/timers:523:7)</failure>
    </testcase>
    <testcase classname="HealthFlagsCard calls health API endpoint on mount" name="HealthFlagsCard calls health API endpoint on mount" time="0.003">
    </testcase>
    <testcase classname="HealthFlagsCard handles API error gracefully" name="HealthFlagsCard handles API error gracefully" time="0.006">
    </testcase>
  </testsuite>
</testsuites>